
=== 執行指令: 01 Read RTC ===
COM 口: COM4, 超時: 30 秒, 結束字串: root

01  發送指令 date
[Console 發送] date
date
Sun Nov 13 12:52:06 UTC 2022
root@intel-corei7-64:~/mfg# 
root@intel-corei7-64:~/mfg# 
[結束] 收到指定結束字串 root

=== 執行指令: 02 Set RTC ===
COM 口: COM4, 超時: 30 秒, 結束字串: root
多重指令模式: 將執行 2 個指令
  1. date -s "2022-10-27 09:57:10"
  2. hwclock -w


01  發送指令 date -s "2022-10-27 09:57:10"
[Console 發送] date -s "2022-10-27 09:57:10"
date -s "2022-10-27 09:57:10"
Thu Oct 27 09:57:10 UTC 2022
root@intel-corei7-64:~/mfg# 
root@intel-corei7-64:~/mfg# 
####################

02  發送指令 hwclock -w
[Console 發送] hwclock -w
hwclock -w
root@intel-corei7-64:~/mfg# 
root@intel-corei7-64:~/mfg# 
[結束] 收到指定結束字串 root

=== 執行指令: 01 Read RTC ===
COM 口: COM4, 超時: 30 秒, 結束字串: root

01  發送指令 date
[Console 發送] date
date
Thu Oct 27 09:57:18 UTC 2022
root@intel-corei7-64:~/mfg# 
root@intel-corei7-64:~/mfg# 
[結束] 收到指定結束字串 root

