2025-08-26 15:04:05,019 - VALO360 - DEBUG - 找到指令檔: D:\((Python TOOL\指令工具-20250428T020034Z-001\360-command-tool\Command_TABLE\command.txt
2025-08-26 15:04:05,074 - VALO360 - INFO - 成功載入 94 個指令
2025-08-26 15:04:05,086 - VALO360 - INFO - 運行日誌: main.py 啟動
2025-08-26 15:04:05,086 - VALO360 - INFO - 指令通主程式啟動
2025-08-26 15:04:05,087 - VALO360 - INFO - 運行日誌: 成功 import TabManager
2025-08-26 15:04:05,088 - VALO360 - INFO - UI模組導入成功
2025-08-26 15:04:05,088 - VALO360 - INFO - 程式啟動時檢查安全簽名...
2025-08-26 15:04:05,088 - VALO360 - INFO - 安全簽名驗證通過，開始創建GUI...
2025-08-26 15:04:05,089 - VALO360 - INFO - 日誌系統初始化完成
2025-08-26 15:04:05,090 - VALO360 - DEBUG - ConfigManager: 自動保存已禁用
2025-08-26 15:04:05,090 - VALO360 - INFO - ConfigManager自動保存已禁用
2025-08-26 15:04:05,090 - VALO360 - INFO - 未找到關鍵字高亮設定文件，使用空設定
2025-08-26 15:04:05,176 - VALO360 - DEBUG - 配置已備份至: backup\setup_backup_20250826_150405.json
2025-08-26 15:04:05,181 - VALO360 - DEBUG - 已刪除舊備份: backup\setup_backup_20250825_165917.json
2025-08-26 15:04:05,181 - VALO360 - DEBUG - 配置載入成功
2025-08-26 15:04:05,181 - VALO360 - INFO - 統一設定管理器已初始化
2025-08-26 15:04:05,235 - VALO360 - DEBUG - 自動保存已禁用，跳過配置保存
2025-08-26 15:04:05,247 - VALO360 - DEBUG - 找到 0 個COM口: []
2025-08-26 15:04:05,542 - VALO360 - DEBUG - 自動保存已禁用，跳過配置保存
2025-08-26 15:04:06,534 - VALO360 - DEBUG - 找到 0 個COM口: []
2025-08-26 15:04:07,292 - VALO360 - INFO - 應用程式圖示設置成功: D:\((Python TOOL\指令工具-20250428T020034Z-001\360-command-tool\assets\icon.ico
2025-08-26 15:04:07,292 - VALO360 - INFO - 視窗設置完成: PEGA指令通_2.0.0 (1522x741)
2025-08-26 15:04:07,293 - VALO360 - INFO - 程式啟動時更新標籤頁名稱
2025-08-26 15:04:07,294 - VALO360 - INFO - 應用程式啟動完成，進入主循環
2025-08-26 15:04:07,300 - VALO360 - DEBUG - 找到 0 個COM口: []
2025-08-26 15:04:07,302 - VALO360 - DEBUG - 自動保存已禁用，跳過配置保存
2025-08-26 15:04:07,302 - VALO360 - DEBUG - 自動保存已禁用，跳過配置保存
2025-08-26 15:04:07,302 - VALO360 - DEBUG - 自動保存已禁用，跳過配置保存
2025-08-26 15:04:07,303 - VALO360 - DEBUG - 自動保存已禁用，跳過配置保存
2025-08-26 15:04:07,359 - VALO360 - DEBUG - 自動保存已禁用，跳過配置保存
2025-08-26 15:04:07,359 - VALO360 - DEBUG - 自動保存已禁用，跳過配置保存
2025-08-26 15:04:07,362 - VALO360 - DEBUG - 自動保存已禁用，跳過配置保存
2025-08-26 15:04:07,362 - VALO360 - DEBUG - 自動保存已禁用，跳過配置保存
2025-08-26 15:04:07,379 - VALO360 - DEBUG - 自動保存已禁用，跳過配置保存
2025-08-26 15:04:07,379 - VALO360 - DEBUG - 自動保存已禁用，跳過配置保存
2025-08-26 15:04:07,380 - VALO360 - DEBUG - 自動保存已禁用，跳過配置保存
2025-08-26 15:04:07,380 - VALO360 - DEBUG - 自動保存已禁用，跳過配置保存
2025-08-26 15:04:07,382 - VALO360 - DEBUG - 自動保存已禁用，跳過配置保存
2025-08-26 15:04:07,383 - VALO360 - DEBUG - 自動保存已禁用，跳過配置保存
2025-08-26 15:04:07,385 - VALO360 - DEBUG - 自動保存已禁用，跳過配置保存
2025-08-26 15:04:07,387 - VALO360 - DEBUG - 自動保存已禁用，跳過配置保存
2025-08-26 15:04:07,389 - VALO360 - DEBUG - 自動保存已禁用，跳過配置保存
2025-08-26 15:04:07,389 - VALO360 - DEBUG - 自動保存已禁用，跳過配置保存
2025-08-26 15:04:07,389 - VALO360 - DEBUG - 自動保存已禁用，跳過配置保存
2025-08-26 15:04:07,389 - VALO360 - DEBUG - 自動保存已禁用，跳過配置保存
2025-08-26 15:04:07,393 - VALO360 - DEBUG - 自動保存已禁用，跳過配置保存
2025-08-26 15:04:07,393 - VALO360 - DEBUG - 自動保存已禁用，跳過配置保存
2025-08-26 15:04:07,396 - VALO360 - DEBUG - 自動保存已禁用，跳過配置保存
2025-08-26 15:04:07,396 - VALO360 - DEBUG - 自動保存已禁用，跳過配置保存
2025-08-26 15:04:07,397 - VALO360 - DEBUG - 自動保存已禁用，跳過配置保存
2025-08-26 15:04:07,398 - VALO360 - DEBUG - 自動保存已禁用，跳過配置保存
2025-08-26 15:04:07,398 - VALO360 - DEBUG - 自動保存已禁用，跳過配置保存
2025-08-26 15:04:07,399 - VALO360 - DEBUG - 自動保存已禁用，跳過配置保存
2025-08-26 15:04:07,401 - VALO360 - DEBUG - 自動保存已禁用，跳過配置保存
2025-08-26 15:04:07,403 - VALO360 - DEBUG - 自動保存已禁用，跳過配置保存
2025-08-26 15:04:07,403 - VALO360 - DEBUG - 自動保存已禁用，跳過配置保存
2025-08-26 15:04:07,405 - VALO360 - DEBUG - 自動保存已禁用，跳過配置保存
2025-08-26 15:04:07,405 - VALO360 - DEBUG - 自動保存已禁用，跳過配置保存
2025-08-26 15:04:07,408 - VALO360 - DEBUG - 自動保存已禁用，跳過配置保存
2025-08-26 15:04:07,409 - VALO360 - DEBUG - 自動保存已禁用，跳過配置保存
2025-08-26 15:04:07,409 - VALO360 - DEBUG - 自動保存已禁用，跳過配置保存
2025-08-26 15:04:07,412 - VALO360 - DEBUG - 自動保存已禁用，跳過配置保存
2025-08-26 15:04:07,413 - VALO360 - DEBUG - 自動保存已禁用，跳過配置保存
2025-08-26 15:04:07,413 - VALO360 - DEBUG - 自動保存已禁用，跳過配置保存
2025-08-26 15:04:07,415 - VALO360 - DEBUG - 自動保存已禁用，跳過配置保存
2025-08-26 15:04:07,416 - VALO360 - DEBUG - 自動保存已禁用，跳過配置保存
2025-08-26 15:04:07,416 - VALO360 - DEBUG - 自動保存已禁用，跳過配置保存
2025-08-26 15:04:07,418 - VALO360 - DEBUG - 自動保存已禁用，跳過配置保存
2025-08-26 15:04:07,418 - VALO360 - DEBUG - 自動保存已禁用，跳過配置保存
2025-08-26 15:04:07,420 - VALO360 - DEBUG - 自動保存已禁用，跳過配置保存
2025-08-26 15:04:07,420 - VALO360 - DEBUG - 自動保存已禁用，跳過配置保存
2025-08-26 15:04:07,423 - VALO360 - DEBUG - 自動保存已禁用，跳過配置保存
2025-08-26 15:04:07,423 - VALO360 - DEBUG - 自動保存已禁用，跳過配置保存
2025-08-26 15:04:07,427 - VALO360 - DEBUG - 自動保存已禁用，跳過配置保存
2025-08-26 15:04:07,428 - VALO360 - DEBUG - 自動保存已禁用，跳過配置保存
2025-08-26 15:04:07,429 - VALO360 - DEBUG - 自動保存已禁用，跳過配置保存
2025-08-26 15:04:07,429 - VALO360 - DEBUG - 自動保存已禁用，跳過配置保存
2025-08-26 15:04:07,430 - VALO360 - DEBUG - 自動保存已禁用，跳過配置保存
2025-08-26 15:04:07,431 - VALO360 - DEBUG - 自動保存已禁用，跳過配置保存
2025-08-26 15:04:07,431 - VALO360 - DEBUG - 自動保存已禁用，跳過配置保存
2025-08-26 15:04:07,431 - VALO360 - DEBUG - 自動保存已禁用，跳過配置保存
2025-08-26 15:04:07,433 - VALO360 - DEBUG - 自動保存已禁用，跳過配置保存
2025-08-26 15:04:07,433 - VALO360 - DEBUG - 自動保存已禁用，跳過配置保存
2025-08-26 15:04:07,433 - VALO360 - DEBUG - 自動保存已禁用，跳過配置保存
2025-08-26 15:04:07,436 - VALO360 - DEBUG - 自動保存已禁用，跳過配置保存
2025-08-26 15:04:07,436 - VALO360 - DEBUG - 自動保存已禁用，跳過配置保存
2025-08-26 15:04:07,440 - VALO360 - DEBUG - 自動保存已禁用，跳過配置保存
2025-08-26 15:04:07,440 - VALO360 - DEBUG - 自動保存已禁用，跳過配置保存
2025-08-26 15:04:07,442 - VALO360 - DEBUG - 自動保存已禁用，跳過配置保存
2025-08-26 15:04:07,446 - VALO360 - DEBUG - 自動保存已禁用，跳過配置保存
2025-08-26 15:04:07,446 - VALO360 - DEBUG - 自動保存已禁用，跳過配置保存
2025-08-26 15:04:07,447 - VALO360 - DEBUG - 自動保存已禁用，跳過配置保存
2025-08-26 15:04:07,447 - VALO360 - DEBUG - 自動保存已禁用，跳過配置保存
2025-08-26 15:04:07,449 - VALO360 - DEBUG - 自動保存已禁用，跳過配置保存
2025-08-26 15:04:07,451 - VALO360 - DEBUG - 自動保存已禁用，跳過配置保存
2025-08-26 15:04:07,451 - VALO360 - DEBUG - 自動保存已禁用，跳過配置保存
2025-08-26 15:04:07,451 - VALO360 - DEBUG - 自動保存已禁用，跳過配置保存
2025-08-26 15:04:07,451 - VALO360 - DEBUG - 自動保存已禁用，跳過配置保存
2025-08-26 15:04:07,457 - VALO360 - DEBUG - 自動保存已禁用，跳過配置保存
2025-08-26 15:04:07,457 - VALO360 - DEBUG - 自動保存已禁用，跳過配置保存
2025-08-26 15:04:07,459 - VALO360 - DEBUG - 自動保存已禁用，跳過配置保存
2025-08-26 15:04:07,461 - VALO360 - DEBUG - 自動保存已禁用，跳過配置保存
2025-08-26 15:04:07,462 - VALO360 - DEBUG - 自動保存已禁用，跳過配置保存
2025-08-26 15:04:07,462 - VALO360 - DEBUG - 自動保存已禁用，跳過配置保存
2025-08-26 15:04:07,464 - VALO360 - DEBUG - 自動保存已禁用，跳過配置保存
2025-08-26 15:04:07,464 - VALO360 - DEBUG - 自動保存已禁用，跳過配置保存
2025-08-26 15:04:07,465 - VALO360 - DEBUG - 自動保存已禁用，跳過配置保存
2025-08-26 15:04:07,466 - VALO360 - DEBUG - 自動保存已禁用，跳過配置保存
2025-08-26 15:04:07,468 - VALO360 - DEBUG - 自動保存已禁用，跳過配置保存
2025-08-26 15:04:07,470 - VALO360 - DEBUG - 自動保存已禁用，跳過配置保存
2025-08-26 15:04:07,470 - VALO360 - DEBUG - 自動保存已禁用，跳過配置保存
2025-08-26 15:04:07,470 - VALO360 - DEBUG - 自動保存已禁用，跳過配置保存
2025-08-26 15:04:07,470 - VALO360 - DEBUG - 自動保存已禁用，跳過配置保存
2025-08-26 15:04:07,476 - VALO360 - DEBUG - 自動保存已禁用，跳過配置保存
2025-08-26 15:04:07,476 - VALO360 - DEBUG - 自動保存已禁用，跳過配置保存
2025-08-26 15:04:07,476 - VALO360 - DEBUG - 自動保存已禁用，跳過配置保存
2025-08-26 15:04:07,478 - VALO360 - DEBUG - 自動保存已禁用，跳過配置保存
2025-08-26 15:04:07,478 - VALO360 - DEBUG - 自動保存已禁用，跳過配置保存
2025-08-26 15:04:07,480 - VALO360 - DEBUG - 自動保存已禁用，跳過配置保存
2025-08-26 15:04:07,480 - VALO360 - DEBUG - 自動保存已禁用，跳過配置保存
2025-08-26 15:04:07,480 - VALO360 - DEBUG - 自動保存已禁用，跳過配置保存
2025-08-26 15:04:07,481 - VALO360 - DEBUG - 自動保存已禁用，跳過配置保存
2025-08-26 15:04:07,482 - VALO360 - DEBUG - 自動保存已禁用，跳過配置保存
2025-08-26 15:04:07,483 - VALO360 - DEBUG - 自動保存已禁用，跳過配置保存
2025-08-26 15:04:07,483 - VALO360 - DEBUG - 自動保存已禁用，跳過配置保存
2025-08-26 15:04:07,483 - VALO360 - DEBUG - 自動保存已禁用，跳過配置保存
2025-08-26 15:04:07,483 - VALO360 - DEBUG - 自動保存已禁用，跳過配置保存
2025-08-26 15:04:07,488 - VALO360 - DEBUG - 自動保存已禁用，跳過配置保存
2025-08-26 15:04:07,488 - VALO360 - DEBUG - 自動保存已禁用，跳過配置保存
2025-08-26 15:04:07,490 - VALO360 - DEBUG - 自動保存已禁用，跳過配置保存
2025-08-26 15:04:07,491 - VALO360 - DEBUG - 自動保存已禁用，跳過配置保存
2025-08-26 15:04:07,492 - VALO360 - DEBUG - 自動保存已禁用，跳過配置保存
2025-08-26 15:04:07,492 - VALO360 - DEBUG - 自動保存已禁用，跳過配置保存
2025-08-26 15:04:07,494 - VALO360 - DEBUG - 自動保存已禁用，跳過配置保存
2025-08-26 15:04:07,496 - VALO360 - DEBUG - 自動保存已禁用，跳過配置保存
2025-08-26 15:04:07,496 - VALO360 - DEBUG - 自動保存已禁用，跳過配置保存
2025-08-26 15:04:07,496 - VALO360 - DEBUG - 自動保存已禁用，跳過配置保存
2025-08-26 15:04:07,499 - VALO360 - DEBUG - 自動保存已禁用，跳過配置保存
2025-08-26 15:04:07,499 - VALO360 - DEBUG - 自動保存已禁用，跳過配置保存
2025-08-26 15:04:07,501 - VALO360 - DEBUG - 自動保存已禁用，跳過配置保存
2025-08-26 15:04:07,503 - VALO360 - DEBUG - 自動保存已禁用，跳過配置保存
2025-08-26 15:04:07,503 - VALO360 - DEBUG - 自動保存已禁用，跳過配置保存
2025-08-26 15:04:07,503 - VALO360 - DEBUG - 自動保存已禁用，跳過配置保存
2025-08-26 15:04:07,503 - VALO360 - DEBUG - 自動保存已禁用，跳過配置保存
2025-08-26 15:04:07,503 - VALO360 - DEBUG - 自動保存已禁用，跳過配置保存
2025-08-26 15:04:07,509 - VALO360 - DEBUG - 自動保存已禁用，跳過配置保存
2025-08-26 15:04:07,509 - VALO360 - DEBUG - 自動保存已禁用，跳過配置保存
2025-08-26 15:04:07,511 - VALO360 - DEBUG - 自動保存已禁用，跳過配置保存
2025-08-26 15:04:07,511 - VALO360 - DEBUG - 自動保存已禁用，跳過配置保存
2025-08-26 15:04:07,512 - VALO360 - DEBUG - 自動保存已禁用，跳過配置保存
2025-08-26 15:04:07,512 - VALO360 - DEBUG - 自動保存已禁用，跳過配置保存
2025-08-26 15:04:07,513 - VALO360 - DEBUG - 自動保存已禁用，跳過配置保存
2025-08-26 15:04:07,513 - VALO360 - DEBUG - 自動保存已禁用，跳過配置保存
2025-08-26 15:04:07,513 - VALO360 - DEBUG - 自動保存已禁用，跳過配置保存
2025-08-26 15:04:07,513 - VALO360 - DEBUG - 自動保存已禁用，跳過配置保存
2025-08-26 15:04:07,515 - VALO360 - DEBUG - 自動保存已禁用，跳過配置保存
2025-08-26 15:04:07,516 - VALO360 - DEBUG - 自動保存已禁用，跳過配置保存
2025-08-26 15:04:07,516 - VALO360 - DEBUG - 自動保存已禁用，跳過配置保存
2025-08-26 15:04:07,516 - VALO360 - DEBUG - 自動保存已禁用，跳過配置保存
2025-08-26 15:04:07,516 - VALO360 - DEBUG - 自動保存已禁用，跳過配置保存
2025-08-26 15:04:07,516 - VALO360 - DEBUG - 自動保存已禁用，跳過配置保存
2025-08-26 15:04:07,516 - VALO360 - DEBUG - 自動保存已禁用，跳過配置保存
2025-08-26 15:04:07,516 - VALO360 - DEBUG - 自動保存已禁用，跳過配置保存
2025-08-26 15:04:07,516 - VALO360 - DEBUG - 自動保存已禁用，跳過配置保存
2025-08-26 15:04:07,516 - VALO360 - DEBUG - 自動保存已禁用，跳過配置保存
2025-08-26 15:04:07,525 - VALO360 - DEBUG - 自動保存已禁用，跳過配置保存
2025-08-26 15:04:07,525 - VALO360 - DEBUG - 自動保存已禁用，跳過配置保存
2025-08-26 15:04:07,526 - VALO360 - DEBUG - 自動保存已禁用，跳過配置保存
2025-08-26 15:04:07,526 - VALO360 - DEBUG - 自動保存已禁用，跳過配置保存
2025-08-26 15:04:07,527 - VALO360 - DEBUG - 自動保存已禁用，跳過配置保存
2025-08-26 15:04:07,527 - VALO360 - DEBUG - 自動保存已禁用，跳過配置保存
2025-08-26 15:04:07,528 - VALO360 - DEBUG - 自動保存已禁用，跳過配置保存
2025-08-26 15:04:07,528 - VALO360 - DEBUG - 自動保存已禁用，跳過配置保存
2025-08-26 15:04:07,529 - VALO360 - DEBUG - 自動保存已禁用，跳過配置保存
2025-08-26 15:04:07,529 - VALO360 - DEBUG - 自動保存已禁用，跳過配置保存
2025-08-26 15:04:07,529 - VALO360 - DEBUG - 自動保存已禁用，跳過配置保存
2025-08-26 15:04:07,529 - VALO360 - DEBUG - 自動保存已禁用，跳過配置保存
2025-08-26 15:04:07,531 - VALO360 - DEBUG - 自動保存已禁用，跳過配置保存
2025-08-26 15:04:07,531 - VALO360 - DEBUG - 自動保存已禁用，跳過配置保存
2025-08-26 15:04:07,531 - VALO360 - DEBUG - 自動保存已禁用，跳過配置保存
2025-08-26 15:04:07,532 - VALO360 - DEBUG - 自動保存已禁用，跳過配置保存
2025-08-26 15:04:07,533 - VALO360 - DEBUG - 自動保存已禁用，跳過配置保存
2025-08-26 15:04:07,533 - VALO360 - DEBUG - 自動保存已禁用，跳過配置保存
2025-08-26 15:04:07,536 - VALO360 - DEBUG - 自動保存已禁用，跳過配置保存
2025-08-26 15:04:07,536 - VALO360 - DEBUG - 自動保存已禁用，跳過配置保存
2025-08-26 15:04:07,536 - VALO360 - DEBUG - 自動保存已禁用，跳過配置保存
2025-08-26 15:04:07,538 - VALO360 - DEBUG - 自動保存已禁用，跳過配置保存
2025-08-26 15:04:07,538 - VALO360 - DEBUG - 自動保存已禁用，跳過配置保存
2025-08-26 15:04:07,538 - VALO360 - DEBUG - 自動保存已禁用，跳過配置保存
2025-08-26 15:04:07,542 - VALO360 - DEBUG - 自動保存已禁用，跳過配置保存
2025-08-26 15:04:07,543 - VALO360 - DEBUG - 自動保存已禁用，跳過配置保存
2025-08-26 15:04:07,543 - VALO360 - DEBUG - 自動保存已禁用，跳過配置保存
2025-08-26 15:04:07,543 - VALO360 - DEBUG - 自動保存已禁用，跳過配置保存
2025-08-26 15:04:07,544 - VALO360 - DEBUG - 自動保存已禁用，跳過配置保存
2025-08-26 15:04:07,544 - VALO360 - DEBUG - 自動保存已禁用，跳過配置保存
2025-08-26 15:04:07,544 - VALO360 - DEBUG - 自動保存已禁用，跳過配置保存
2025-08-26 15:04:07,545 - VALO360 - DEBUG - 自動保存已禁用，跳過配置保存
2025-08-26 15:04:07,545 - VALO360 - DEBUG - 自動保存已禁用，跳過配置保存
2025-08-26 15:04:07,546 - VALO360 - DEBUG - 自動保存已禁用，跳過配置保存
2025-08-26 15:04:07,546 - VALO360 - DEBUG - 自動保存已禁用，跳過配置保存
2025-08-26 15:04:07,546 - VALO360 - DEBUG - 自動保存已禁用，跳過配置保存
2025-08-26 15:04:07,547 - VALO360 - DEBUG - 自動保存已禁用，跳過配置保存
2025-08-26 15:04:07,547 - VALO360 - DEBUG - 自動保存已禁用，跳過配置保存
2025-08-26 15:04:07,549 - VALO360 - DEBUG - 自動保存已禁用，跳過配置保存
2025-08-26 15:04:07,550 - VALO360 - DEBUG - 自動保存已禁用，跳過配置保存
2025-08-26 15:04:07,550 - VALO360 - DEBUG - 自動保存已禁用，跳過配置保存
2025-08-26 15:04:07,550 - VALO360 - DEBUG - 自動保存已禁用，跳過配置保存
2025-08-26 15:04:07,552 - VALO360 - DEBUG - 自動保存已禁用，跳過配置保存
2025-08-26 15:04:07,552 - VALO360 - DEBUG - 自動保存已禁用，跳過配置保存
2025-08-26 15:04:07,554 - VALO360 - DEBUG - 自動保存已禁用，跳過配置保存
2025-08-26 15:04:07,554 - VALO360 - DEBUG - 自動保存已禁用，跳過配置保存
2025-08-26 15:04:07,554 - VALO360 - DEBUG - 自動保存已禁用，跳過配置保存
2025-08-26 15:04:07,554 - VALO360 - DEBUG - 自動保存已禁用，跳過配置保存
2025-08-26 15:04:07,554 - VALO360 - DEBUG - 自動保存已禁用，跳過配置保存
2025-08-26 15:04:07,554 - VALO360 - DEBUG - 自動保存已禁用，跳過配置保存
2025-08-26 15:04:07,554 - VALO360 - DEBUG - 自動保存已禁用，跳過配置保存
2025-08-26 15:04:07,559 - VALO360 - DEBUG - 自動保存已禁用，跳過配置保存
2025-08-26 15:04:07,559 - VALO360 - DEBUG - 自動保存已禁用，跳過配置保存
2025-08-26 15:04:07,561 - VALO360 - DEBUG - 自動保存已禁用，跳過配置保存
2025-08-26 15:04:07,561 - VALO360 - DEBUG - 自動保存已禁用，跳過配置保存
2025-08-26 15:04:07,562 - VALO360 - DEBUG - 自動保存已禁用，跳過配置保存
2025-08-26 15:04:07,564 - VALO360 - DEBUG - 自動保存已禁用，跳過配置保存
2025-08-26 15:04:07,565 - VALO360 - DEBUG - 自動保存已禁用，跳過配置保存
2025-08-26 15:04:07,566 - VALO360 - DEBUG - 自動保存已禁用，跳過配置保存
2025-08-26 15:04:07,566 - VALO360 - DEBUG - 自動保存已禁用，跳過配置保存
2025-08-26 15:04:07,566 - VALO360 - DEBUG - 自動保存已禁用，跳過配置保存
2025-08-26 15:04:07,566 - VALO360 - DEBUG - 自動保存已禁用，跳過配置保存
2025-08-26 15:04:07,566 - VALO360 - DEBUG - 自動保存已禁用，跳過配置保存
2025-08-26 15:04:07,566 - VALO360 - DEBUG - 自動保存已禁用，跳過配置保存
2025-08-26 15:04:07,566 - VALO360 - DEBUG - 自動保存已禁用，跳過配置保存
2025-08-26 15:04:07,566 - VALO360 - DEBUG - 自動保存已禁用，跳過配置保存
2025-08-26 15:04:07,566 - VALO360 - DEBUG - 自動保存已禁用，跳過配置保存
2025-08-26 15:04:07,566 - VALO360 - DEBUG - 自動保存已禁用，跳過配置保存
2025-08-26 15:04:07,574 - VALO360 - DEBUG - 自動保存已禁用，跳過配置保存
2025-08-26 15:04:07,575 - VALO360 - DEBUG - 自動保存已禁用，跳過配置保存
2025-08-26 15:04:07,575 - VALO360 - DEBUG - 自動保存已禁用，跳過配置保存
2025-08-26 15:04:07,576 - VALO360 - DEBUG - 自動保存已禁用，跳過配置保存
2025-08-26 15:04:07,577 - VALO360 - DEBUG - 自動保存已禁用，跳過配置保存
2025-08-26 15:04:07,578 - VALO360 - DEBUG - 自動保存已禁用，跳過配置保存
2025-08-26 15:04:07,578 - VALO360 - DEBUG - 自動保存已禁用，跳過配置保存
2025-08-26 15:04:07,578 - VALO360 - DEBUG - 自動保存已禁用，跳過配置保存
2025-08-26 15:04:07,578 - VALO360 - DEBUG - 自動保存已禁用，跳過配置保存
2025-08-26 15:04:07,578 - VALO360 - DEBUG - 自動保存已禁用，跳過配置保存
2025-08-26 15:04:07,578 - VALO360 - DEBUG - 自動保存已禁用，跳過配置保存
2025-08-26 15:04:07,578 - VALO360 - DEBUG - 自動保存已禁用，跳過配置保存
2025-08-26 15:04:07,578 - VALO360 - DEBUG - 自動保存已禁用，跳過配置保存
2025-08-26 15:04:07,582 - VALO360 - DEBUG - 自動保存已禁用，跳過配置保存
2025-08-26 15:04:07,582 - VALO360 - DEBUG - 自動保存已禁用，跳過配置保存
2025-08-26 15:04:07,583 - VALO360 - DEBUG - 自動保存已禁用，跳過配置保存
2025-08-26 15:04:07,583 - VALO360 - DEBUG - 自動保存已禁用，跳過配置保存
2025-08-26 15:04:07,583 - VALO360 - DEBUG - 自動保存已禁用，跳過配置保存
2025-08-26 15:04:07,583 - VALO360 - DEBUG - 自動保存已禁用，跳過配置保存
2025-08-26 15:04:07,583 - VALO360 - DEBUG - 自動保存已禁用，跳過配置保存
2025-08-26 15:04:07,601 - VALO360 - DEBUG - 自動保存已禁用，跳過配置保存
2025-08-26 15:04:07,601 - VALO360 - DEBUG - 自動保存已禁用，跳過配置保存
2025-08-26 15:04:07,603 - VALO360 - DEBUG - 自動保存已禁用，跳過配置保存
2025-08-26 15:04:07,603 - VALO360 - DEBUG - 自動保存已禁用，跳過配置保存
2025-08-26 15:04:07,603 - VALO360 - DEBUG - 自動保存已禁用，跳過配置保存
2025-08-26 15:04:07,603 - VALO360 - DEBUG - 自動保存已禁用，跳過配置保存
2025-08-26 15:04:07,603 - VALO360 - DEBUG - 自動保存已禁用，跳過配置保存
2025-08-26 15:04:07,603 - VALO360 - DEBUG - 自動保存已禁用，跳過配置保存
2025-08-26 15:04:07,603 - VALO360 - DEBUG - 自動保存已禁用，跳過配置保存
2025-08-26 15:04:07,603 - VALO360 - DEBUG - 自動保存已禁用，跳過配置保存
2025-08-26 15:04:07,603 - VALO360 - DEBUG - 自動保存已禁用，跳過配置保存
2025-08-26 15:04:07,603 - VALO360 - DEBUG - 自動保存已禁用，跳過配置保存
2025-08-26 15:04:07,610 - VALO360 - DEBUG - 自動保存已禁用，跳過配置保存
2025-08-26 15:04:07,611 - VALO360 - DEBUG - 自動保存已禁用，跳過配置保存
2025-08-26 15:04:07,611 - VALO360 - DEBUG - 自動保存已禁用，跳過配置保存
2025-08-26 15:04:07,611 - VALO360 - DEBUG - 自動保存已禁用，跳過配置保存
2025-08-26 15:04:07,612 - VALO360 - DEBUG - 自動保存已禁用，跳過配置保存
2025-08-26 15:04:07,613 - VALO360 - DEBUG - 自動保存已禁用，跳過配置保存
2025-08-26 15:04:07,613 - VALO360 - DEBUG - 自動保存已禁用，跳過配置保存
2025-08-26 15:04:07,614 - VALO360 - DEBUG - 自動保存已禁用，跳過配置保存
2025-08-26 15:04:07,615 - VALO360 - DEBUG - 自動保存已禁用，跳過配置保存
2025-08-26 15:04:07,616 - VALO360 - DEBUG - 自動保存已禁用，跳過配置保存
2025-08-26 15:04:07,616 - VALO360 - DEBUG - 自動保存已禁用，跳過配置保存
2025-08-26 15:04:07,616 - VALO360 - DEBUG - 自動保存已禁用，跳過配置保存
2025-08-26 15:04:07,616 - VALO360 - DEBUG - 自動保存已禁用，跳過配置保存
2025-08-26 15:04:07,616 - VALO360 - DEBUG - 自動保存已禁用，跳過配置保存
2025-08-26 15:04:07,616 - VALO360 - DEBUG - 自動保存已禁用，跳過配置保存
2025-08-26 15:04:07,621 - VALO360 - DEBUG - 自動保存已禁用，跳過配置保存
2025-08-26 15:04:07,621 - VALO360 - DEBUG - 自動保存已禁用，跳過配置保存
2025-08-26 15:04:07,622 - VALO360 - DEBUG - 自動保存已禁用，跳過配置保存
2025-08-26 15:04:07,622 - VALO360 - DEBUG - 自動保存已禁用，跳過配置保存
2025-08-26 15:04:07,623 - VALO360 - DEBUG - 自動保存已禁用，跳過配置保存
2025-08-26 15:04:07,623 - VALO360 - DEBUG - 自動保存已禁用，跳過配置保存
2025-08-26 15:04:07,624 - VALO360 - DEBUG - 自動保存已禁用，跳過配置保存
2025-08-26 15:04:07,624 - VALO360 - DEBUG - 自動保存已禁用，跳過配置保存
2025-08-26 15:04:07,625 - VALO360 - DEBUG - 自動保存已禁用，跳過配置保存
2025-08-26 15:04:07,625 - VALO360 - DEBUG - 自動保存已禁用，跳過配置保存
2025-08-26 15:04:07,625 - VALO360 - DEBUG - 自動保存已禁用，跳過配置保存
2025-08-26 15:04:07,625 - VALO360 - DEBUG - 自動保存已禁用，跳過配置保存
2025-08-26 15:04:07,625 - VALO360 - DEBUG - 自動保存已禁用，跳過配置保存
2025-08-26 15:04:07,625 - VALO360 - DEBUG - 自動保存已禁用，跳過配置保存
2025-08-26 15:04:07,625 - VALO360 - DEBUG - 自動保存已禁用，跳過配置保存
2025-08-26 15:04:07,625 - VALO360 - DEBUG - 自動保存已禁用，跳過配置保存
2025-08-26 15:04:07,625 - VALO360 - DEBUG - 自動保存已禁用，跳過配置保存
2025-08-26 15:04:07,631 - VALO360 - DEBUG - 自動保存已禁用，跳過配置保存
2025-08-26 15:04:07,631 - VALO360 - DEBUG - 自動保存已禁用，跳過配置保存
2025-08-26 15:04:07,631 - VALO360 - DEBUG - 自動保存已禁用，跳過配置保存
2025-08-26 15:04:07,632 - VALO360 - DEBUG - 自動保存已禁用，跳過配置保存
2025-08-26 15:04:07,633 - VALO360 - DEBUG - 自動保存已禁用，跳過配置保存
2025-08-26 15:04:07,634 - VALO360 - DEBUG - 自動保存已禁用，跳過配置保存
2025-08-26 15:04:07,635 - VALO360 - DEBUG - 自動保存已禁用，跳過配置保存
2025-08-26 15:04:07,635 - VALO360 - DEBUG - 自動保存已禁用，跳過配置保存
2025-08-26 15:04:07,636 - VALO360 - DEBUG - 自動保存已禁用，跳過配置保存
2025-08-26 15:04:07,636 - VALO360 - DEBUG - 自動保存已禁用，跳過配置保存
2025-08-26 15:04:07,636 - VALO360 - DEBUG - 自動保存已禁用，跳過配置保存
2025-08-26 15:04:07,636 - VALO360 - DEBUG - 自動保存已禁用，跳過配置保存
2025-08-26 15:04:07,636 - VALO360 - DEBUG - 自動保存已禁用，跳過配置保存
2025-08-26 15:04:07,636 - VALO360 - DEBUG - 自動保存已禁用，跳過配置保存
2025-08-26 15:04:07,636 - VALO360 - DEBUG - 自動保存已禁用，跳過配置保存
2025-08-26 15:04:07,636 - VALO360 - DEBUG - 自動保存已禁用，跳過配置保存
2025-08-26 15:04:07,636 - VALO360 - DEBUG - 自動保存已禁用，跳過配置保存
2025-08-26 15:04:07,636 - VALO360 - DEBUG - 自動保存已禁用，跳過配置保存
2025-08-26 15:04:07,636 - VALO360 - DEBUG - 自動保存已禁用，跳過配置保存
2025-08-26 15:04:07,636 - VALO360 - DEBUG - 自動保存已禁用，跳過配置保存
2025-08-26 15:04:07,643 - VALO360 - DEBUG - 自動保存已禁用，跳過配置保存
2025-08-26 15:04:07,643 - VALO360 - DEBUG - 自動保存已禁用，跳過配置保存
2025-08-26 15:04:07,644 - VALO360 - DEBUG - 自動保存已禁用，跳過配置保存
2025-08-26 15:04:07,644 - VALO360 - DEBUG - 自動保存已禁用，跳過配置保存
2025-08-26 15:04:07,645 - VALO360 - DEBUG - 自動保存已禁用，跳過配置保存
2025-08-26 15:04:07,645 - VALO360 - DEBUG - 自動保存已禁用，跳過配置保存
2025-08-26 15:04:07,645 - VALO360 - DEBUG - 自動保存已禁用，跳過配置保存
2025-08-26 15:04:07,645 - VALO360 - DEBUG - 自動保存已禁用，跳過配置保存
2025-08-26 15:04:07,655 - VALO360 - DEBUG - 自動保存已禁用，跳過配置保存
2025-08-26 15:04:07,656 - VALO360 - DEBUG - 自動保存已禁用，跳過配置保存
2025-08-26 15:04:07,658 - VALO360 - DEBUG - 自動保存已禁用，跳過配置保存
2025-08-26 15:04:07,658 - VALO360 - DEBUG - 自動保存已禁用，跳過配置保存
2025-08-26 15:04:07,660 - VALO360 - DEBUG - 自動保存已禁用，跳過配置保存
2025-08-26 15:04:07,660 - VALO360 - DEBUG - 自動保存已禁用，跳過配置保存
2025-08-26 15:04:07,660 - VALO360 - DEBUG - 自動保存已禁用，跳過配置保存
2025-08-26 15:04:07,661 - VALO360 - DEBUG - 自動保存已禁用，跳過配置保存
2025-08-26 15:04:07,663 - VALO360 - DEBUG - 自動保存已禁用，跳過配置保存
2025-08-26 15:04:07,663 - VALO360 - DEBUG - 自動保存已禁用，跳過配置保存
2025-08-26 15:04:07,663 - VALO360 - DEBUG - 自動保存已禁用，跳過配置保存
2025-08-26 15:04:07,664 - VALO360 - DEBUG - 自動保存已禁用，跳過配置保存
2025-08-26 15:04:07,664 - VALO360 - DEBUG - 自動保存已禁用，跳過配置保存
2025-08-26 15:04:07,664 - VALO360 - DEBUG - 自動保存已禁用，跳過配置保存
2025-08-26 15:04:07,665 - VALO360 - DEBUG - 自動保存已禁用，跳過配置保存
2025-08-26 15:04:07,666 - VALO360 - DEBUG - 自動保存已禁用，跳過配置保存
2025-08-26 15:04:07,668 - VALO360 - DEBUG - 自動保存已禁用，跳過配置保存
2025-08-26 15:04:07,668 - VALO360 - DEBUG - 自動保存已禁用，跳過配置保存
2025-08-26 15:04:07,668 - VALO360 - DEBUG - 自動保存已禁用，跳過配置保存
2025-08-26 15:04:07,670 - VALO360 - DEBUG - 自動保存已禁用，跳過配置保存
2025-08-26 15:04:07,672 - VALO360 - DEBUG - 自動保存已禁用，跳過配置保存
2025-08-26 15:04:07,672 - VALO360 - DEBUG - 自動保存已禁用，跳過配置保存
2025-08-26 15:04:07,673 - VALO360 - DEBUG - 自動保存已禁用，跳過配置保存
2025-08-26 15:04:07,673 - VALO360 - DEBUG - 自動保存已禁用，跳過配置保存
2025-08-26 15:04:07,675 - VALO360 - DEBUG - 自動保存已禁用，跳過配置保存
2025-08-26 15:04:07,675 - VALO360 - DEBUG - 自動保存已禁用，跳過配置保存
2025-08-26 15:04:07,676 - VALO360 - DEBUG - 自動保存已禁用，跳過配置保存
2025-08-26 15:04:07,676 - VALO360 - DEBUG - 自動保存已禁用，跳過配置保存
2025-08-26 15:04:07,677 - VALO360 - DEBUG - 自動保存已禁用，跳過配置保存
2025-08-26 15:04:07,678 - VALO360 - DEBUG - 自動保存已禁用，跳過配置保存
2025-08-26 15:04:07,678 - VALO360 - DEBUG - 自動保存已禁用，跳過配置保存
2025-08-26 15:04:07,678 - VALO360 - DEBUG - 自動保存已禁用，跳過配置保存
2025-08-26 15:04:07,679 - VALO360 - DEBUG - 自動保存已禁用，跳過配置保存
2025-08-26 15:04:07,679 - VALO360 - DEBUG - 自動保存已禁用，跳過配置保存
2025-08-26 15:04:07,680 - VALO360 - DEBUG - 自動保存已禁用，跳過配置保存
2025-08-26 15:04:07,680 - VALO360 - DEBUG - 自動保存已禁用，跳過配置保存
2025-08-26 15:04:07,681 - VALO360 - DEBUG - 自動保存已禁用，跳過配置保存
2025-08-26 15:04:07,682 - VALO360 - DEBUG - 自動保存已禁用，跳過配置保存
2025-08-26 15:04:07,682 - VALO360 - DEBUG - 自動保存已禁用，跳過配置保存
2025-08-26 15:04:07,683 - VALO360 - DEBUG - 自動保存已禁用，跳過配置保存
2025-08-26 15:04:07,683 - VALO360 - DEBUG - 自動保存已禁用，跳過配置保存
2025-08-26 15:04:07,683 - VALO360 - DEBUG - 自動保存已禁用，跳過配置保存
2025-08-26 15:04:07,683 - VALO360 - DEBUG - 自動保存已禁用，跳過配置保存
2025-08-26 15:04:07,683 - VALO360 - DEBUG - 自動保存已禁用，跳過配置保存
2025-08-26 15:04:07,687 - VALO360 - DEBUG - 自動保存已禁用，跳過配置保存
2025-08-26 15:04:07,688 - VALO360 - DEBUG - 自動保存已禁用，跳過配置保存
2025-08-26 15:04:07,688 - VALO360 - DEBUG - 自動保存已禁用，跳過配置保存
2025-08-26 15:04:07,688 - VALO360 - DEBUG - 自動保存已禁用，跳過配置保存
2025-08-26 15:04:07,690 - VALO360 - DEBUG - 自動保存已禁用，跳過配置保存
2025-08-26 15:04:07,690 - VALO360 - DEBUG - 自動保存已禁用，跳過配置保存
2025-08-26 15:04:07,690 - VALO360 - DEBUG - 自動保存已禁用，跳過配置保存
2025-08-26 15:04:07,691 - VALO360 - DEBUG - 自動保存已禁用，跳過配置保存
2025-08-26 15:04:07,691 - VALO360 - DEBUG - 自動保存已禁用，跳過配置保存
2025-08-26 15:04:07,691 - VALO360 - DEBUG - 自動保存已禁用，跳過配置保存
2025-08-26 15:04:07,693 - VALO360 - DEBUG - 自動保存已禁用，跳過配置保存
2025-08-26 15:04:07,693 - VALO360 - DEBUG - 自動保存已禁用，跳過配置保存
2025-08-26 15:04:07,693 - VALO360 - DEBUG - 自動保存已禁用，跳過配置保存
2025-08-26 15:04:07,693 - VALO360 - DEBUG - 自動保存已禁用，跳過配置保存
2025-08-26 15:04:07,693 - VALO360 - DEBUG - 自動保存已禁用，跳過配置保存
2025-08-26 15:04:07,693 - VALO360 - DEBUG - 自動保存已禁用，跳過配置保存
2025-08-26 15:04:07,696 - VALO360 - DEBUG - 自動保存已禁用，跳過配置保存
2025-08-26 15:04:07,697 - VALO360 - DEBUG - 自動保存已禁用，跳過配置保存
2025-08-26 15:04:07,697 - VALO360 - DEBUG - 自動保存已禁用，跳過配置保存
2025-08-26 15:04:07,697 - VALO360 - DEBUG - 自動保存已禁用，跳過配置保存
2025-08-26 15:04:07,698 - VALO360 - DEBUG - 自動保存已禁用，跳過配置保存
2025-08-26 15:04:07,699 - VALO360 - DEBUG - 自動保存已禁用，跳過配置保存
2025-08-26 15:04:07,699 - VALO360 - DEBUG - 自動保存已禁用，跳過配置保存
2025-08-26 15:04:07,699 - VALO360 - DEBUG - 自動保存已禁用，跳過配置保存
2025-08-26 15:04:07,701 - VALO360 - DEBUG - 自動保存已禁用，跳過配置保存
2025-08-26 15:04:07,701 - VALO360 - DEBUG - 自動保存已禁用，跳過配置保存
2025-08-26 15:04:07,702 - VALO360 - DEBUG - 自動保存已禁用，跳過配置保存
2025-08-26 15:04:07,702 - VALO360 - DEBUG - 自動保存已禁用，跳過配置保存
2025-08-26 15:04:07,703 - VALO360 - DEBUG - 自動保存已禁用，跳過配置保存
2025-08-26 15:04:07,704 - VALO360 - DEBUG - 自動保存已禁用，跳過配置保存
2025-08-26 15:04:07,704 - VALO360 - DEBUG - 自動保存已禁用，跳過配置保存
2025-08-26 15:04:07,704 - VALO360 - DEBUG - 自動保存已禁用，跳過配置保存
2025-08-26 15:04:07,706 - VALO360 - DEBUG - 自動保存已禁用，跳過配置保存
2025-08-26 15:04:07,706 - VALO360 - DEBUG - 自動保存已禁用，跳過配置保存
2025-08-26 15:04:07,707 - VALO360 - DEBUG - 自動保存已禁用，跳過配置保存
2025-08-26 15:04:07,708 - VALO360 - DEBUG - 自動保存已禁用，跳過配置保存
2025-08-26 15:04:07,708 - VALO360 - DEBUG - 自動保存已禁用，跳過配置保存
2025-08-26 15:04:07,709 - VALO360 - DEBUG - 自動保存已禁用，跳過配置保存
2025-08-26 15:04:07,709 - VALO360 - DEBUG - 自動保存已禁用，跳過配置保存
2025-08-26 15:04:07,709 - VALO360 - DEBUG - 自動保存已禁用，跳過配置保存
2025-08-26 15:04:07,716 - VALO360 - DEBUG - 自動保存已禁用，跳過配置保存
2025-08-26 15:04:07,716 - VALO360 - DEBUG - 自動保存已禁用，跳過配置保存
2025-08-26 15:04:07,716 - VALO360 - DEBUG - 自動保存已禁用，跳過配置保存
2025-08-26 15:04:07,720 - VALO360 - DEBUG - 自動保存已禁用，跳過配置保存
2025-08-26 15:04:07,720 - VALO360 - DEBUG - 自動保存已禁用，跳過配置保存
2025-08-26 15:04:07,721 - VALO360 - DEBUG - 自動保存已禁用，跳過配置保存
2025-08-26 15:04:07,721 - VALO360 - DEBUG - 自動保存已禁用，跳過配置保存
2025-08-26 15:04:07,721 - VALO360 - DEBUG - 自動保存已禁用，跳過配置保存
2025-08-26 15:04:07,724 - VALO360 - DEBUG - 自動保存已禁用，跳過配置保存
2025-08-26 15:04:07,725 - VALO360 - DEBUG - 自動保存已禁用，跳過配置保存
2025-08-26 15:04:07,725 - VALO360 - DEBUG - 自動保存已禁用，跳過配置保存
2025-08-26 15:04:07,725 - VALO360 - DEBUG - 自動保存已禁用，跳過配置保存
2025-08-26 15:04:07,726 - VALO360 - DEBUG - 自動保存已禁用，跳過配置保存
2025-08-26 15:04:07,727 - VALO360 - DEBUG - 自動保存已禁用，跳過配置保存
2025-08-26 15:04:07,727 - VALO360 - DEBUG - 自動保存已禁用，跳過配置保存
2025-08-26 15:04:07,727 - VALO360 - DEBUG - 自動保存已禁用，跳過配置保存
2025-08-26 15:04:07,728 - VALO360 - DEBUG - 自動保存已禁用，跳過配置保存
2025-08-26 15:04:07,729 - VALO360 - DEBUG - 自動保存已禁用，跳過配置保存
2025-08-26 15:04:07,729 - VALO360 - DEBUG - 自動保存已禁用，跳過配置保存
2025-08-26 15:04:07,729 - VALO360 - DEBUG - 自動保存已禁用，跳過配置保存
2025-08-26 15:04:07,731 - VALO360 - DEBUG - 自動保存已禁用，跳過配置保存
2025-08-26 15:04:07,731 - VALO360 - DEBUG - 自動保存已禁用，跳過配置保存
2025-08-26 15:04:07,731 - VALO360 - DEBUG - 自動保存已禁用，跳過配置保存
2025-08-26 15:04:07,732 - VALO360 - DEBUG - 自動保存已禁用，跳過配置保存
2025-08-26 15:04:07,733 - VALO360 - DEBUG - 自動保存已禁用，跳過配置保存
2025-08-26 15:04:07,733 - VALO360 - DEBUG - 自動保存已禁用，跳過配置保存
2025-08-26 15:04:07,733 - VALO360 - DEBUG - 自動保存已禁用，跳過配置保存
2025-08-26 15:04:07,733 - VALO360 - DEBUG - 自動保存已禁用，跳過配置保存
2025-08-26 15:04:07,737 - VALO360 - DEBUG - 自動保存已禁用，跳過配置保存
2025-08-26 15:04:07,738 - VALO360 - DEBUG - 自動保存已禁用，跳過配置保存
2025-08-26 15:04:07,738 - VALO360 - DEBUG - 自動保存已禁用，跳過配置保存
2025-08-26 15:04:07,738 - VALO360 - DEBUG - 自動保存已禁用，跳過配置保存
2025-08-26 15:04:07,740 - VALO360 - DEBUG - 自動保存已禁用，跳過配置保存
2025-08-26 15:04:07,742 - VALO360 - DEBUG - 自動保存已禁用，跳過配置保存
2025-08-26 15:04:07,742 - VALO360 - DEBUG - 自動保存已禁用，跳過配置保存
2025-08-26 15:04:07,743 - VALO360 - DEBUG - 自動保存已禁用，跳過配置保存
2025-08-26 15:04:07,743 - VALO360 - DEBUG - 自動保存已禁用，跳過配置保存
2025-08-26 15:04:07,744 - VALO360 - DEBUG - 自動保存已禁用，跳過配置保存
2025-08-26 15:04:07,744 - VALO360 - DEBUG - 自動保存已禁用，跳過配置保存
2025-08-26 15:04:07,744 - VALO360 - DEBUG - 自動保存已禁用，跳過配置保存
2025-08-26 15:04:07,749 - VALO360 - DEBUG - 自動保存已禁用，跳過配置保存
2025-08-26 15:04:07,749 - VALO360 - DEBUG - 自動保存已禁用，跳過配置保存
2025-08-26 15:04:07,749 - VALO360 - DEBUG - 自動保存已禁用，跳過配置保存
2025-08-26 15:04:07,753 - VALO360 - DEBUG - 自動保存已禁用，跳過配置保存
2025-08-26 15:04:07,754 - VALO360 - DEBUG - 自動保存已禁用，跳過配置保存
2025-08-26 15:04:07,755 - VALO360 - DEBUG - 自動保存已禁用，跳過配置保存
2025-08-26 15:04:07,755 - VALO360 - DEBUG - 自動保存已禁用，跳過配置保存
2025-08-26 15:04:07,755 - VALO360 - DEBUG - 自動保存已禁用，跳過配置保存
2025-08-26 15:04:07,758 - VALO360 - DEBUG - 自動保存已禁用，跳過配置保存
2025-08-26 15:04:07,758 - VALO360 - DEBUG - 自動保存已禁用，跳過配置保存
2025-08-26 15:04:07,758 - VALO360 - DEBUG - 自動保存已禁用，跳過配置保存
2025-08-26 15:04:07,760 - VALO360 - DEBUG - 自動保存已禁用，跳過配置保存
2025-08-26 15:04:07,763 - VALO360 - DEBUG - 自動保存已禁用，跳過配置保存
2025-08-26 15:04:07,763 - VALO360 - DEBUG - 自動保存已禁用，跳過配置保存
2025-08-26 15:04:07,763 - VALO360 - DEBUG - 自動保存已禁用，跳過配置保存
2025-08-26 15:04:07,763 - VALO360 - DEBUG - 自動保存已禁用，跳過配置保存
2025-08-26 15:04:07,766 - VALO360 - DEBUG - 自動保存已禁用，跳過配置保存
2025-08-26 15:04:07,766 - VALO360 - DEBUG - 自動保存已禁用，跳過配置保存
2025-08-26 15:04:07,766 - VALO360 - DEBUG - 自動保存已禁用，跳過配置保存
2025-08-26 15:04:07,766 - VALO360 - DEBUG - 自動保存已禁用，跳過配置保存
2025-08-26 15:04:07,770 - VALO360 - DEBUG - 自動保存已禁用，跳過配置保存
2025-08-26 15:04:07,770 - VALO360 - DEBUG - 自動保存已禁用，跳過配置保存
2025-08-26 15:04:07,770 - VALO360 - DEBUG - 自動保存已禁用，跳過配置保存
2025-08-26 15:04:07,770 - VALO360 - DEBUG - 自動保存已禁用，跳過配置保存
2025-08-26 15:04:07,775 - VALO360 - DEBUG - 自動保存已禁用，跳過配置保存
2025-08-26 15:04:07,775 - VALO360 - DEBUG - 自動保存已禁用，跳過配置保存
2025-08-26 15:04:07,776 - VALO360 - DEBUG - 自動保存已禁用，跳過配置保存
2025-08-26 15:04:07,776 - VALO360 - DEBUG - 自動保存已禁用，跳過配置保存
2025-08-26 15:04:07,776 - VALO360 - DEBUG - 自動保存已禁用，跳過配置保存
2025-08-26 15:04:07,776 - VALO360 - DEBUG - 自動保存已禁用，跳過配置保存
2025-08-26 15:04:07,776 - VALO360 - DEBUG - 自動保存已禁用，跳過配置保存
2025-08-26 15:04:07,776 - VALO360 - DEBUG - 自動保存已禁用，跳過配置保存
2025-08-26 15:04:07,786 - VALO360 - DEBUG - 自動保存已禁用，跳過配置保存
2025-08-26 15:04:07,787 - VALO360 - DEBUG - 自動保存已禁用，跳過配置保存
2025-08-26 15:04:07,787 - VALO360 - DEBUG - 自動保存已禁用，跳過配置保存
2025-08-26 15:04:07,788 - VALO360 - DEBUG - 自動保存已禁用，跳過配置保存
2025-08-26 15:04:07,789 - VALO360 - DEBUG - 自動保存已禁用，跳過配置保存
2025-08-26 15:04:07,789 - VALO360 - DEBUG - 自動保存已禁用，跳過配置保存
2025-08-26 15:04:07,790 - VALO360 - DEBUG - 自動保存已禁用，跳過配置保存
2025-08-26 15:04:07,790 - VALO360 - DEBUG - 自動保存已禁用，跳過配置保存
2025-08-26 15:04:07,790 - VALO360 - DEBUG - 自動保存已禁用，跳過配置保存
2025-08-26 15:04:07,791 - VALO360 - DEBUG - 自動保存已禁用，跳過配置保存
2025-08-26 15:04:07,791 - VALO360 - DEBUG - 自動保存已禁用，跳過配置保存
2025-08-26 15:04:07,792 - VALO360 - DEBUG - 自動保存已禁用，跳過配置保存
2025-08-26 15:04:07,800 - VALO360 - DEBUG - 自動保存已禁用，跳過配置保存
2025-08-26 15:04:07,802 - VALO360 - DEBUG - 自動保存已禁用，跳過配置保存
2025-08-26 15:04:07,803 - VALO360 - DEBUG - 自動保存已禁用，跳過配置保存
2025-08-26 15:04:07,805 - VALO360 - DEBUG - 自動保存已禁用，跳過配置保存
2025-08-26 15:04:07,812 - VALO360 - DEBUG - 自動保存已禁用，跳過配置保存
2025-08-26 15:04:07,812 - VALO360 - DEBUG - 自動保存已禁用，跳過配置保存
2025-08-26 15:04:07,812 - VALO360 - DEBUG - 自動保存已禁用，跳過配置保存
2025-08-26 15:04:07,814 - VALO360 - DEBUG - 自動保存已禁用，跳過配置保存
2025-08-26 15:04:07,821 - VALO360 - DEBUG - 自動保存已禁用，跳過配置保存
2025-08-26 15:04:07,821 - VALO360 - DEBUG - 自動保存已禁用，跳過配置保存
2025-08-26 15:04:07,823 - VALO360 - DEBUG - 自動保存已禁用，跳過配置保存
2025-08-26 15:04:07,823 - VALO360 - DEBUG - 自動保存已禁用，跳過配置保存
2025-08-26 15:04:07,826 - VALO360 - DEBUG - 自動保存已禁用，跳過配置保存
2025-08-26 15:04:07,826 - VALO360 - DEBUG - 自動保存已禁用，跳過配置保存
2025-08-26 15:04:07,827 - VALO360 - DEBUG - 自動保存已禁用，跳過配置保存
2025-08-26 15:04:07,827 - VALO360 - DEBUG - 自動保存已禁用，跳過配置保存
2025-08-26 15:04:07,829 - VALO360 - DEBUG - 自動保存已禁用，跳過配置保存
2025-08-26 15:04:07,829 - VALO360 - DEBUG - 自動保存已禁用，跳過配置保存
2025-08-26 15:04:07,829 - VALO360 - DEBUG - 自動保存已禁用，跳過配置保存
2025-08-26 15:04:07,829 - VALO360 - DEBUG - 自動保存已禁用，跳過配置保存
2025-08-26 15:04:07,833 - VALO360 - DEBUG - 自動保存已禁用，跳過配置保存
2025-08-26 15:04:07,833 - VALO360 - DEBUG - 自動保存已禁用，跳過配置保存
2025-08-26 15:04:07,833 - VALO360 - DEBUG - 自動保存已禁用，跳過配置保存
2025-08-26 15:04:07,836 - VALO360 - DEBUG - 自動保存已禁用，跳過配置保存
2025-08-26 15:04:07,892 - VALO360 - DEBUG - 自動保存已禁用，跳過配置保存
2025-08-26 15:04:07,893 - VALO360 - DEBUG - 自動保存已禁用，跳過配置保存
2025-08-26 15:04:07,893 - VALO360 - DEBUG - 自動保存已禁用，跳過配置保存
2025-08-26 15:04:07,893 - VALO360 - DEBUG - 自動保存已禁用，跳過配置保存
2025-08-26 15:04:07,893 - VALO360 - DEBUG - 自動保存已禁用，跳過配置保存
2025-08-26 15:04:07,893 - VALO360 - DEBUG - 自動保存已禁用，跳過配置保存
2025-08-26 15:04:07,893 - VALO360 - DEBUG - 自動保存已禁用，跳過配置保存
2025-08-26 15:04:07,893 - VALO360 - DEBUG - 自動保存已禁用，跳過配置保存
2025-08-26 15:04:07,893 - VALO360 - DEBUG - 自動保存已禁用，跳過配置保存
2025-08-26 15:04:07,898 - VALO360 - DEBUG - 自動保存已禁用，跳過配置保存
2025-08-26 15:04:07,898 - VALO360 - DEBUG - 自動保存已禁用，跳過配置保存
2025-08-26 15:04:07,898 - VALO360 - DEBUG - 自動保存已禁用，跳過配置保存
2025-08-26 15:04:07,899 - VALO360 - DEBUG - 自動保存已禁用，跳過配置保存
2025-08-26 15:04:07,901 - VALO360 - DEBUG - 自動保存已禁用，跳過配置保存
2025-08-26 15:04:07,901 - VALO360 - DEBUG - 自動保存已禁用，跳過配置保存
2025-08-26 15:04:07,901 - VALO360 - DEBUG - 自動保存已禁用，跳過配置保存
2025-08-26 15:04:07,904 - VALO360 - DEBUG - 自動保存已禁用，跳過配置保存
2025-08-26 15:04:07,904 - VALO360 - DEBUG - 自動保存已禁用，跳過配置保存
2025-08-26 15:04:07,905 - VALO360 - DEBUG - 自動保存已禁用，跳過配置保存
2025-08-26 15:04:07,905 - VALO360 - DEBUG - 自動保存已禁用，跳過配置保存
2025-08-26 15:04:07,907 - VALO360 - DEBUG - 自動保存已禁用，跳過配置保存
2025-08-26 15:04:07,907 - VALO360 - DEBUG - 自動保存已禁用，跳過配置保存
2025-08-26 15:04:07,907 - VALO360 - DEBUG - 自動保存已禁用，跳過配置保存
2025-08-26 15:04:07,912 - VALO360 - DEBUG - 自動保存已禁用，跳過配置保存
2025-08-26 15:04:07,913 - VALO360 - DEBUG - 自動保存已禁用，跳過配置保存
2025-08-26 15:04:07,913 - VALO360 - DEBUG - 自動保存已禁用，跳過配置保存
2025-08-26 15:04:07,913 - VALO360 - DEBUG - 自動保存已禁用，跳過配置保存
2025-08-26 15:04:07,915 - VALO360 - DEBUG - 自動保存已禁用，跳過配置保存
2025-08-26 15:04:07,918 - VALO360 - DEBUG - 自動保存已禁用，跳過配置保存
2025-08-26 15:04:07,918 - VALO360 - DEBUG - 自動保存已禁用，跳過配置保存
2025-08-26 15:04:07,918 - VALO360 - DEBUG - 自動保存已禁用，跳過配置保存
2025-08-26 15:04:07,920 - VALO360 - DEBUG - 自動保存已禁用，跳過配置保存
2025-08-26 15:04:07,922 - VALO360 - DEBUG - 自動保存已禁用，跳過配置保存
2025-08-26 15:04:07,923 - VALO360 - DEBUG - 自動保存已禁用，跳過配置保存
2025-08-26 15:04:07,923 - VALO360 - DEBUG - 自動保存已禁用，跳過配置保存
2025-08-26 15:04:07,923 - VALO360 - DEBUG - 自動保存已禁用，跳過配置保存
2025-08-26 15:04:07,927 - VALO360 - DEBUG - 自動保存已禁用，跳過配置保存
2025-08-26 15:04:07,927 - VALO360 - DEBUG - 自動保存已禁用，跳過配置保存
2025-08-26 15:04:07,927 - VALO360 - DEBUG - 自動保存已禁用，跳過配置保存
2025-08-26 15:04:07,929 - VALO360 - DEBUG - 自動保存已禁用，跳過配置保存
2025-08-26 15:04:07,929 - VALO360 - DEBUG - 自動保存已禁用，跳過配置保存
2025-08-26 15:04:07,930 - VALO360 - DEBUG - 自動保存已禁用，跳過配置保存
2025-08-26 15:04:07,930 - VALO360 - DEBUG - 自動保存已禁用，跳過配置保存
2025-08-26 15:04:07,930 - VALO360 - DEBUG - 自動保存已禁用，跳過配置保存
2025-08-26 15:04:07,933 - VALO360 - DEBUG - 自動保存已禁用，跳過配置保存
2025-08-26 15:04:07,933 - VALO360 - DEBUG - 自動保存已禁用，跳過配置保存
2025-08-26 15:04:07,935 - VALO360 - DEBUG - 自動保存已禁用，跳過配置保存
2025-08-26 15:04:07,936 - VALO360 - DEBUG - 自動保存已禁用，跳過配置保存
2025-08-26 15:04:07,938 - VALO360 - DEBUG - 自動保存已禁用，跳過配置保存
2025-08-26 15:04:07,939 - VALO360 - DEBUG - 自動保存已禁用，跳過配置保存
2025-08-26 15:04:07,939 - VALO360 - DEBUG - 自動保存已禁用，跳過配置保存
2025-08-26 15:04:07,940 - VALO360 - DEBUG - 自動保存已禁用，跳過配置保存
2025-08-26 15:04:07,944 - VALO360 - DEBUG - 自動保存已禁用，跳過配置保存
2025-08-26 15:04:07,944 - VALO360 - DEBUG - 自動保存已禁用，跳過配置保存
2025-08-26 15:04:07,944 - VALO360 - DEBUG - 自動保存已禁用，跳過配置保存
2025-08-26 15:04:07,946 - VALO360 - DEBUG - 自動保存已禁用，跳過配置保存
2025-08-26 15:04:07,961 - VALO360 - DEBUG - 自動保存已禁用，跳過配置保存
2025-08-26 15:04:07,963 - VALO360 - DEBUG - 自動保存已禁用，跳過配置保存
2025-08-26 15:04:07,963 - VALO360 - DEBUG - 自動保存已禁用，跳過配置保存
2025-08-26 15:04:07,963 - VALO360 - DEBUG - 自動保存已禁用，跳過配置保存
2025-08-26 15:04:07,964 - VALO360 - DEBUG - 自動保存已禁用，跳過配置保存
2025-08-26 15:04:07,964 - VALO360 - DEBUG - 自動保存已禁用，跳過配置保存
2025-08-26 15:04:07,965 - VALO360 - DEBUG - 自動保存已禁用，跳過配置保存
2025-08-26 15:04:07,965 - VALO360 - DEBUG - 自動保存已禁用，跳過配置保存
2025-08-26 15:04:07,966 - VALO360 - DEBUG - 自動保存已禁用，跳過配置保存
2025-08-26 15:04:07,968 - VALO360 - DEBUG - 自動保存已禁用，跳過配置保存
2025-08-26 15:04:07,969 - VALO360 - DEBUG - 自動保存已禁用，跳過配置保存
2025-08-26 15:04:07,969 - VALO360 - DEBUG - 自動保存已禁用，跳過配置保存
2025-08-26 15:04:07,971 - VALO360 - DEBUG - 自動保存已禁用，跳過配置保存
2025-08-26 15:04:07,971 - VALO360 - DEBUG - 自動保存已禁用，跳過配置保存
2025-08-26 15:04:07,972 - VALO360 - DEBUG - 自動保存已禁用，跳過配置保存
2025-08-26 15:04:07,972 - VALO360 - DEBUG - 自動保存已禁用，跳過配置保存
2025-08-26 15:04:07,973 - VALO360 - DEBUG - 自動保存已禁用，跳過配置保存
2025-08-26 15:04:07,974 - VALO360 - DEBUG - 自動保存已禁用，跳過配置保存
2025-08-26 15:04:07,974 - VALO360 - DEBUG - 自動保存已禁用，跳過配置保存
2025-08-26 15:04:07,975 - VALO360 - DEBUG - 自動保存已禁用，跳過配置保存
2025-08-26 15:04:07,975 - VALO360 - DEBUG - 自動保存已禁用，跳過配置保存
2025-08-26 15:04:07,977 - VALO360 - DEBUG - 自動保存已禁用，跳過配置保存
2025-08-26 15:04:07,977 - VALO360 - DEBUG - 自動保存已禁用，跳過配置保存
2025-08-26 15:04:07,978 - VALO360 - DEBUG - 自動保存已禁用，跳過配置保存
2025-08-26 15:04:07,979 - VALO360 - DEBUG - 自動保存已禁用，跳過配置保存
2025-08-26 15:04:07,979 - VALO360 - DEBUG - 自動保存已禁用，跳過配置保存
2025-08-26 15:04:07,979 - VALO360 - DEBUG - 自動保存已禁用，跳過配置保存
2025-08-26 15:04:07,979 - VALO360 - DEBUG - 自動保存已禁用，跳過配置保存
2025-08-26 15:04:07,980 - VALO360 - DEBUG - 自動保存已禁用，跳過配置保存
2025-08-26 15:04:07,980 - VALO360 - DEBUG - 自動保存已禁用，跳過配置保存
2025-08-26 15:04:07,980 - VALO360 - DEBUG - 自動保存已禁用，跳過配置保存
2025-08-26 15:04:07,981 - VALO360 - DEBUG - 自動保存已禁用，跳過配置保存
2025-08-26 15:04:07,981 - VALO360 - DEBUG - 自動保存已禁用，跳過配置保存
2025-08-26 15:04:07,983 - VALO360 - DEBUG - 自動保存已禁用，跳過配置保存
2025-08-26 15:04:07,984 - VALO360 - DEBUG - 自動保存已禁用，跳過配置保存
2025-08-26 15:04:07,984 - VALO360 - DEBUG - 自動保存已禁用，跳過配置保存
2025-08-26 15:04:07,984 - VALO360 - DEBUG - 自動保存已禁用，跳過配置保存
2025-08-26 15:04:07,984 - VALO360 - DEBUG - 自動保存已禁用，跳過配置保存
2025-08-26 15:04:07,984 - VALO360 - DEBUG - 自動保存已禁用，跳過配置保存
2025-08-26 15:04:07,987 - VALO360 - DEBUG - 自動保存已禁用，跳過配置保存
2025-08-26 15:04:07,987 - VALO360 - DEBUG - 自動保存已禁用，跳過配置保存
2025-08-26 15:04:07,987 - VALO360 - DEBUG - 自動保存已禁用，跳過配置保存
2025-08-26 15:04:07,987 - VALO360 - DEBUG - 自動保存已禁用，跳過配置保存
2025-08-26 15:04:07,990 - VALO360 - DEBUG - 自動保存已禁用，跳過配置保存
2025-08-26 15:04:07,991 - VALO360 - DEBUG - 自動保存已禁用，跳過配置保存
2025-08-26 15:04:07,991 - VALO360 - DEBUG - 自動保存已禁用，跳過配置保存
2025-08-26 15:04:07,991 - VALO360 - DEBUG - 自動保存已禁用，跳過配置保存
2025-08-26 15:04:07,992 - VALO360 - DEBUG - 自動保存已禁用，跳過配置保存
2025-08-26 15:04:07,993 - VALO360 - DEBUG - 自動保存已禁用，跳過配置保存
2025-08-26 15:04:07,993 - VALO360 - DEBUG - 自動保存已禁用，跳過配置保存
2025-08-26 15:04:07,993 - VALO360 - DEBUG - 自動保存已禁用，跳過配置保存
2025-08-26 15:04:07,994 - VALO360 - DEBUG - 自動保存已禁用，跳過配置保存
2025-08-26 15:04:07,995 - VALO360 - DEBUG - 自動保存已禁用，跳過配置保存
2025-08-26 15:04:07,995 - VALO360 - DEBUG - 自動保存已禁用，跳過配置保存
2025-08-26 15:04:07,996 - VALO360 - DEBUG - 自動保存已禁用，跳過配置保存
2025-08-26 15:04:07,996 - VALO360 - DEBUG - 自動保存已禁用，跳過配置保存
2025-08-26 15:04:07,996 - VALO360 - DEBUG - 自動保存已禁用，跳過配置保存
2025-08-26 15:04:07,996 - VALO360 - DEBUG - 自動保存已禁用，跳過配置保存
2025-08-26 15:04:07,996 - VALO360 - DEBUG - 自動保存已禁用，跳過配置保存
2025-08-26 15:04:07,996 - VALO360 - DEBUG - 自動保存已禁用，跳過配置保存
2025-08-26 15:04:07,998 - VALO360 - DEBUG - 自動保存已禁用，跳過配置保存
2025-08-26 15:04:07,999 - VALO360 - DEBUG - 自動保存已禁用，跳過配置保存
2025-08-26 15:04:07,999 - VALO360 - DEBUG - 自動保存已禁用，跳過配置保存
2025-08-26 15:04:08,000 - VALO360 - DEBUG - 自動保存已禁用，跳過配置保存
2025-08-26 15:04:08,001 - VALO360 - DEBUG - 自動保存已禁用，跳過配置保存
2025-08-26 15:04:08,002 - VALO360 - DEBUG - 自動保存已禁用，跳過配置保存
2025-08-26 15:04:08,003 - VALO360 - DEBUG - 自動保存已禁用，跳過配置保存
2025-08-26 15:04:08,003 - VALO360 - DEBUG - 自動保存已禁用，跳過配置保存
2025-08-26 15:04:08,004 - VALO360 - DEBUG - 自動保存已禁用，跳過配置保存
2025-08-26 15:04:08,005 - VALO360 - DEBUG - 自動保存已禁用，跳過配置保存
2025-08-26 15:04:08,005 - VALO360 - DEBUG - 自動保存已禁用，跳過配置保存
2025-08-26 15:04:08,005 - VALO360 - DEBUG - 自動保存已禁用，跳過配置保存
2025-08-26 15:04:08,005 - VALO360 - DEBUG - 自動保存已禁用，跳過配置保存
2025-08-26 15:04:08,005 - VALO360 - DEBUG - 自動保存已禁用，跳過配置保存
2025-08-26 15:04:08,009 - VALO360 - DEBUG - 自動保存已禁用，跳過配置保存
2025-08-26 15:04:08,009 - VALO360 - DEBUG - 自動保存已禁用，跳過配置保存
2025-08-26 15:04:08,010 - VALO360 - DEBUG - 自動保存已禁用，跳過配置保存
2025-08-26 15:04:08,010 - VALO360 - DEBUG - 自動保存已禁用，跳過配置保存
2025-08-26 15:04:08,011 - VALO360 - DEBUG - 自動保存已禁用，跳過配置保存
2025-08-26 15:04:08,012 - VALO360 - DEBUG - 自動保存已禁用，跳過配置保存
2025-08-26 15:04:08,012 - VALO360 - DEBUG - 自動保存已禁用，跳過配置保存
2025-08-26 15:04:08,013 - VALO360 - DEBUG - 自動保存已禁用，跳過配置保存
2025-08-26 15:04:08,013 - VALO360 - DEBUG - 自動保存已禁用，跳過配置保存
2025-08-26 15:04:08,013 - VALO360 - DEBUG - 自動保存已禁用，跳過配置保存
2025-08-26 15:04:08,014 - VALO360 - DEBUG - 自動保存已禁用，跳過配置保存
2025-08-26 15:04:08,014 - VALO360 - DEBUG - 自動保存已禁用，跳過配置保存
2025-08-26 15:04:08,015 - VALO360 - DEBUG - 自動保存已禁用，跳過配置保存
2025-08-26 15:04:08,015 - VALO360 - DEBUG - 自動保存已禁用，跳過配置保存
2025-08-26 15:04:08,016 - VALO360 - DEBUG - 自動保存已禁用，跳過配置保存
2025-08-26 15:04:08,016 - VALO360 - DEBUG - 自動保存已禁用，跳過配置保存
2025-08-26 15:04:08,017 - VALO360 - DEBUG - 自動保存已禁用，跳過配置保存
2025-08-26 15:04:08,018 - VALO360 - DEBUG - 自動保存已禁用，跳過配置保存
2025-08-26 15:04:08,019 - VALO360 - DEBUG - 自動保存已禁用，跳過配置保存
2025-08-26 15:04:08,020 - VALO360 - DEBUG - 自動保存已禁用，跳過配置保存
2025-08-26 15:04:08,020 - VALO360 - DEBUG - 自動保存已禁用，跳過配置保存
2025-08-26 15:04:08,020 - VALO360 - DEBUG - 自動保存已禁用，跳過配置保存
2025-08-26 15:04:08,023 - VALO360 - DEBUG - 自動保存已禁用，跳過配置保存
2025-08-26 15:04:08,023 - VALO360 - DEBUG - 自動保存已禁用，跳過配置保存
2025-08-26 15:04:08,024 - VALO360 - DEBUG - 自動保存已禁用，跳過配置保存
2025-08-26 15:04:08,024 - VALO360 - DEBUG - 自動保存已禁用，跳過配置保存
2025-08-26 15:04:08,025 - VALO360 - DEBUG - 自動保存已禁用，跳過配置保存
2025-08-26 15:04:08,026 - VALO360 - DEBUG - 自動保存已禁用，跳過配置保存
2025-08-26 15:04:08,026 - VALO360 - DEBUG - 自動保存已禁用，跳過配置保存
2025-08-26 15:04:08,026 - VALO360 - DEBUG - 自動保存已禁用，跳過配置保存
2025-08-26 15:04:08,027 - VALO360 - DEBUG - 自動保存已禁用，跳過配置保存
2025-08-26 15:04:08,027 - VALO360 - DEBUG - 自動保存已禁用，跳過配置保存
2025-08-26 15:04:08,028 - VALO360 - DEBUG - 自動保存已禁用，跳過配置保存
2025-08-26 15:04:08,029 - VALO360 - DEBUG - 自動保存已禁用，跳過配置保存
2025-08-26 15:04:08,030 - VALO360 - DEBUG - 自動保存已禁用，跳過配置保存
2025-08-26 15:04:08,030 - VALO360 - DEBUG - 自動保存已禁用，跳過配置保存
2025-08-26 15:04:08,030 - VALO360 - DEBUG - 自動保存已禁用，跳過配置保存
2025-08-26 15:04:08,030 - VALO360 - DEBUG - 自動保存已禁用，跳過配置保存
2025-08-26 15:04:08,030 - VALO360 - DEBUG - 自動保存已禁用，跳過配置保存
2025-08-26 15:04:08,032 - VALO360 - DEBUG - 自動保存已禁用，跳過配置保存
2025-08-26 15:04:08,032 - VALO360 - DEBUG - 自動保存已禁用，跳過配置保存
2025-08-26 15:04:08,032 - VALO360 - DEBUG - 自動保存已禁用，跳過配置保存
2025-08-26 15:04:08,035 - VALO360 - DEBUG - 自動保存已禁用，跳過配置保存
2025-08-26 15:04:08,035 - VALO360 - DEBUG - 自動保存已禁用，跳過配置保存
2025-08-26 15:04:08,036 - VALO360 - DEBUG - 自動保存已禁用，跳過配置保存
2025-08-26 15:04:08,036 - VALO360 - DEBUG - 自動保存已禁用，跳過配置保存
2025-08-26 15:04:08,122 - VALO360 - DEBUG - 自動保存已禁用，跳過配置保存
2025-08-26 15:04:08,123 - VALO360 - DEBUG - 自動保存已禁用，跳過配置保存
2025-08-26 15:04:08,123 - VALO360 - DEBUG - 自動保存已禁用，跳過配置保存
2025-08-26 15:04:08,123 - VALO360 - DEBUG - 自動保存已禁用，跳過配置保存
2025-08-26 15:04:08,125 - VALO360 - DEBUG - 自動保存已禁用，跳過配置保存
2025-08-26 15:04:08,125 - VALO360 - DEBUG - 自動保存已禁用，跳過配置保存
2025-08-26 15:04:08,126 - VALO360 - DEBUG - 自動保存已禁用，跳過配置保存
2025-08-26 15:04:08,126 - VALO360 - DEBUG - 自動保存已禁用，跳過配置保存
2025-08-26 15:04:08,135 - VALO360 - DEBUG - 自動保存已禁用，跳過配置保存
2025-08-26 15:04:08,135 - VALO360 - DEBUG - 自動保存已禁用，跳過配置保存
2025-08-26 15:04:08,136 - VALO360 - DEBUG - 自動保存已禁用，跳過配置保存
2025-08-26 15:04:08,136 - VALO360 - DEBUG - 自動保存已禁用，跳過配置保存
2025-08-26 15:04:08,136 - VALO360 - DEBUG - 自動保存已禁用，跳過配置保存
2025-08-26 15:04:08,138 - VALO360 - DEBUG - 自動保存已禁用，跳過配置保存
2025-08-26 15:04:08,138 - VALO360 - DEBUG - 自動保存已禁用，跳過配置保存
2025-08-26 15:04:08,138 - VALO360 - DEBUG - 自動保存已禁用，跳過配置保存
2025-08-26 15:04:08,153 - VALO360 - DEBUG - 自動保存已禁用，跳過配置保存
2025-08-26 15:04:08,153 - VALO360 - DEBUG - 自動保存已禁用，跳過配置保存
2025-08-26 15:04:08,154 - VALO360 - DEBUG - 自動保存已禁用，跳過配置保存
2025-08-26 15:04:08,155 - VALO360 - DEBUG - 自動保存已禁用，跳過配置保存
2025-08-26 15:04:08,155 - VALO360 - DEBUG - 自動保存已禁用，跳過配置保存
2025-08-26 15:04:08,156 - VALO360 - DEBUG - 自動保存已禁用，跳過配置保存
2025-08-26 15:04:08,157 - VALO360 - DEBUG - 自動保存已禁用，跳過配置保存
2025-08-26 15:04:08,157 - VALO360 - DEBUG - 自動保存已禁用，跳過配置保存
2025-08-26 15:04:08,169 - VALO360 - DEBUG - 自動保存已禁用，跳過配置保存
2025-08-26 15:04:08,170 - VALO360 - DEBUG - 自動保存已禁用，跳過配置保存
2025-08-26 15:04:08,170 - VALO360 - DEBUG - 自動保存已禁用，跳過配置保存
2025-08-26 15:04:08,172 - VALO360 - DEBUG - 自動保存已禁用，跳過配置保存
2025-08-26 15:04:08,172 - VALO360 - DEBUG - 自動保存已禁用，跳過配置保存
2025-08-26 15:04:08,173 - VALO360 - DEBUG - 自動保存已禁用，跳過配置保存
2025-08-26 15:04:08,174 - VALO360 - DEBUG - 自動保存已禁用，跳過配置保存
2025-08-26 15:04:08,174 - VALO360 - DEBUG - 自動保存已禁用，跳過配置保存
2025-08-26 15:04:08,184 - VALO360 - DEBUG - 自動保存已禁用，跳過配置保存
2025-08-26 15:04:08,185 - VALO360 - DEBUG - 自動保存已禁用，跳過配置保存
2025-08-26 15:04:08,186 - VALO360 - DEBUG - 自動保存已禁用，跳過配置保存
2025-08-26 15:04:08,186 - VALO360 - DEBUG - 自動保存已禁用，跳過配置保存
2025-08-26 15:04:08,187 - VALO360 - DEBUG - 自動保存已禁用，跳過配置保存
2025-08-26 15:04:08,188 - VALO360 - DEBUG - 自動保存已禁用，跳過配置保存
2025-08-26 15:04:08,189 - VALO360 - DEBUG - 自動保存已禁用，跳過配置保存
2025-08-26 15:04:08,189 - VALO360 - DEBUG - 自動保存已禁用，跳過配置保存
2025-08-26 15:04:08,193 - VALO360 - DEBUG - 自動保存已禁用，跳過配置保存
2025-08-26 15:04:08,193 - VALO360 - DEBUG - 自動保存已禁用，跳過配置保存
2025-08-26 15:04:08,193 - VALO360 - DEBUG - 自動保存已禁用，跳過配置保存
2025-08-26 15:04:08,193 - VALO360 - DEBUG - 自動保存已禁用，跳過配置保存
2025-08-26 15:04:08,195 - VALO360 - DEBUG - 自動保存已禁用，跳過配置保存
2025-08-26 15:04:08,195 - VALO360 - DEBUG - 自動保存已禁用，跳過配置保存
2025-08-26 15:04:08,196 - VALO360 - DEBUG - 自動保存已禁用，跳過配置保存
2025-08-26 15:04:08,196 - VALO360 - DEBUG - 自動保存已禁用，跳過配置保存
2025-08-26 15:04:08,196 - VALO360 - DEBUG - 自動保存已禁用，跳過配置保存
2025-08-26 15:04:08,197 - VALO360 - DEBUG - 自動保存已禁用，跳過配置保存
2025-08-26 15:04:08,197 - VALO360 - DEBUG - 自動保存已禁用，跳過配置保存
2025-08-26 15:04:08,197 - VALO360 - DEBUG - 自動保存已禁用，跳過配置保存
2025-08-26 15:04:08,198 - VALO360 - DEBUG - 自動保存已禁用，跳過配置保存
2025-08-26 15:04:08,198 - VALO360 - DEBUG - 自動保存已禁用，跳過配置保存
2025-08-26 15:04:08,199 - VALO360 - DEBUG - 自動保存已禁用，跳過配置保存
2025-08-26 15:04:08,199 - VALO360 - DEBUG - 自動保存已禁用，跳過配置保存
2025-08-26 15:04:08,206 - VALO360 - DEBUG - 自動保存已禁用，跳過配置保存
2025-08-26 15:04:08,206 - VALO360 - DEBUG - 自動保存已禁用，跳過配置保存
2025-08-26 15:04:08,206 - VALO360 - DEBUG - 自動保存已禁用，跳過配置保存
2025-08-26 15:04:08,208 - VALO360 - DEBUG - 自動保存已禁用，跳過配置保存
2025-08-26 15:04:08,208 - VALO360 - DEBUG - 自動保存已禁用，跳過配置保存
2025-08-26 15:04:08,210 - VALO360 - DEBUG - 自動保存已禁用，跳過配置保存
2025-08-26 15:04:08,210 - VALO360 - DEBUG - 自動保存已禁用，跳過配置保存
2025-08-26 15:04:08,210 - VALO360 - DEBUG - 自動保存已禁用，跳過配置保存
2025-08-26 15:04:08,213 - VALO360 - DEBUG - 自動保存已禁用，跳過配置保存
2025-08-26 15:04:08,213 - VALO360 - DEBUG - 自動保存已禁用，跳過配置保存
2025-08-26 15:04:08,213 - VALO360 - DEBUG - 自動保存已禁用，跳過配置保存
2025-08-26 15:04:08,213 - VALO360 - DEBUG - 自動保存已禁用，跳過配置保存
2025-08-26 15:04:08,214 - VALO360 - DEBUG - 自動保存已禁用，跳過配置保存
2025-08-26 15:04:08,214 - VALO360 - DEBUG - 自動保存已禁用，跳過配置保存
2025-08-26 15:04:08,215 - VALO360 - DEBUG - 自動保存已禁用，跳過配置保存
2025-08-26 15:04:08,215 - VALO360 - DEBUG - 自動保存已禁用，跳過配置保存
2025-08-26 15:04:08,221 - VALO360 - DEBUG - 自動保存已禁用，跳過配置保存
2025-08-26 15:04:08,221 - VALO360 - DEBUG - 自動保存已禁用，跳過配置保存
2025-08-26 15:04:08,221 - VALO360 - DEBUG - 自動保存已禁用，跳過配置保存
2025-08-26 15:04:08,230 - VALO360 - DEBUG - 自動保存已禁用，跳過配置保存
2025-08-26 15:04:08,230 - VALO360 - DEBUG - 自動保存已禁用，跳過配置保存
2025-08-26 15:04:08,231 - VALO360 - DEBUG - 自動保存已禁用，跳過配置保存
2025-08-26 15:04:08,232 - VALO360 - DEBUG - 自動保存已禁用，跳過配置保存
2025-08-26 15:04:08,232 - VALO360 - DEBUG - 自動保存已禁用，跳過配置保存
2025-08-26 15:04:08,232 - VALO360 - DEBUG - 自動保存已禁用，跳過配置保存
2025-08-26 15:04:08,233 - VALO360 - DEBUG - 自動保存已禁用，跳過配置保存
2025-08-26 15:04:08,234 - VALO360 - DEBUG - 自動保存已禁用，跳過配置保存
2025-08-26 15:04:08,234 - VALO360 - DEBUG - 自動保存已禁用，跳過配置保存
2025-08-26 15:04:08,234 - VALO360 - DEBUG - 自動保存已禁用，跳過配置保存
2025-08-26 15:04:08,236 - VALO360 - DEBUG - 自動保存已禁用，跳過配置保存
2025-08-26 15:04:08,236 - VALO360 - DEBUG - 自動保存已禁用，跳過配置保存
2025-08-26 15:04:08,236 - VALO360 - DEBUG - 自動保存已禁用，跳過配置保存
2025-08-26 15:04:08,240 - VALO360 - DEBUG - 自動保存已禁用，跳過配置保存
2025-08-26 15:04:08,240 - VALO360 - DEBUG - 自動保存已禁用，跳過配置保存
2025-08-26 15:04:08,240 - VALO360 - DEBUG - 自動保存已禁用，跳過配置保存
2025-08-26 15:04:08,240 - VALO360 - DEBUG - 自動保存已禁用，跳過配置保存
2025-08-26 15:04:08,244 - VALO360 - DEBUG - 自動保存已禁用，跳過配置保存
2025-08-26 15:04:08,244 - VALO360 - DEBUG - 自動保存已禁用，跳過配置保存
2025-08-26 15:04:08,245 - VALO360 - DEBUG - 自動保存已禁用，跳過配置保存
2025-08-26 15:04:08,245 - VALO360 - DEBUG - 自動保存已禁用，跳過配置保存
2025-08-26 15:04:08,251 - VALO360 - DEBUG - 自動保存已禁用，跳過配置保存
2025-08-26 15:04:08,251 - VALO360 - DEBUG - 自動保存已禁用，跳過配置保存
2025-08-26 15:04:08,255 - VALO360 - DEBUG - 自動保存已禁用，跳過配置保存
2025-08-26 15:04:08,255 - VALO360 - DEBUG - 自動保存已禁用，跳過配置保存
2025-08-26 15:04:08,256 - VALO360 - DEBUG - 自動保存已禁用，跳過配置保存
2025-08-26 15:04:08,256 - VALO360 - DEBUG - 自動保存已禁用，跳過配置保存
2025-08-26 15:04:08,256 - VALO360 - DEBUG - 自動保存已禁用，跳過配置保存
2025-08-26 15:04:08,258 - VALO360 - DEBUG - 自動保存已禁用，跳過配置保存
2025-08-26 15:04:08,260 - VALO360 - DEBUG - 自動保存已禁用，跳過配置保存
2025-08-26 15:04:08,260 - VALO360 - DEBUG - 自動保存已禁用，跳過配置保存
2025-08-26 15:04:08,261 - VALO360 - DEBUG - 自動保存已禁用，跳過配置保存
2025-08-26 15:04:08,261 - VALO360 - DEBUG - 自動保存已禁用，跳過配置保存
2025-08-26 15:04:08,262 - VALO360 - DEBUG - 自動保存已禁用，跳過配置保存
2025-08-26 15:04:08,263 - VALO360 - DEBUG - 自動保存已禁用，跳過配置保存
2025-08-26 15:04:08,263 - VALO360 - DEBUG - 自動保存已禁用，跳過配置保存
2025-08-26 15:04:08,263 - VALO360 - DEBUG - 自動保存已禁用，跳過配置保存
2025-08-26 15:04:08,264 - VALO360 - DEBUG - 自動保存已禁用，跳過配置保存
2025-08-26 15:04:08,265 - VALO360 - DEBUG - 自動保存已禁用，跳過配置保存
2025-08-26 15:04:08,265 - VALO360 - DEBUG - 自動保存已禁用，跳過配置保存
2025-08-26 15:04:08,265 - VALO360 - DEBUG - 自動保存已禁用，跳過配置保存
2025-08-26 15:04:08,267 - VALO360 - DEBUG - 自動保存已禁用，跳過配置保存
2025-08-26 15:04:08,268 - VALO360 - DEBUG - 自動保存已禁用，跳過配置保存
2025-08-26 15:04:08,268 - VALO360 - DEBUG - 自動保存已禁用，跳過配置保存
2025-08-26 15:04:08,270 - VALO360 - DEBUG - 自動保存已禁用，跳過配置保存
2025-08-26 15:04:08,284 - VALO360 - DEBUG - 自動保存已禁用，跳過配置保存
2025-08-26 15:04:08,284 - VALO360 - DEBUG - 自動保存已禁用，跳過配置保存
2025-08-26 15:04:08,284 - VALO360 - DEBUG - 自動保存已禁用，跳過配置保存
2025-08-26 15:04:08,284 - VALO360 - DEBUG - 自動保存已禁用，跳過配置保存
2025-08-26 15:04:08,284 - VALO360 - DEBUG - 自動保存已禁用，跳過配置保存
2025-08-26 15:04:08,288 - VALO360 - DEBUG - 自動保存已禁用，跳過配置保存
2025-08-26 15:04:08,288 - VALO360 - DEBUG - 自動保存已禁用，跳過配置保存
2025-08-26 15:04:08,289 - VALO360 - DEBUG - 自動保存已禁用，跳過配置保存
2025-08-26 15:04:08,296 - VALO360 - DEBUG - 自動保存已禁用，跳過配置保存
2025-08-26 15:04:08,296 - VALO360 - DEBUG - 自動保存已禁用，跳過配置保存
2025-08-26 15:04:08,296 - VALO360 - DEBUG - 自動保存已禁用，跳過配置保存
2025-08-26 15:04:08,298 - VALO360 - DEBUG - 自動保存已禁用，跳過配置保存
2025-08-26 15:04:08,300 - VALO360 - DEBUG - 自動保存已禁用，跳過配置保存
2025-08-26 15:04:08,300 - VALO360 - DEBUG - 自動保存已禁用，跳過配置保存
2025-08-26 15:04:08,300 - VALO360 - DEBUG - 自動保存已禁用，跳過配置保存
2025-08-26 15:04:08,301 - VALO360 - DEBUG - 自動保存已禁用，跳過配置保存
2025-08-26 15:04:08,302 - VALO360 - DEBUG - 自動保存已禁用，跳過配置保存
2025-08-26 15:04:08,303 - VALO360 - DEBUG - 自動保存已禁用，跳過配置保存
2025-08-26 15:04:08,303 - VALO360 - DEBUG - 自動保存已禁用，跳過配置保存
2025-08-26 15:04:08,304 - VALO360 - DEBUG - 自動保存已禁用，跳過配置保存
2025-08-26 15:04:08,304 - VALO360 - DEBUG - 自動保存已禁用，跳過配置保存
2025-08-26 15:04:08,305 - VALO360 - DEBUG - 自動保存已禁用，跳過配置保存
2025-08-26 15:04:08,305 - VALO360 - DEBUG - 自動保存已禁用，跳過配置保存
2025-08-26 15:04:08,307 - VALO360 - DEBUG - 自動保存已禁用，跳過配置保存
2025-08-26 15:04:08,323 - VALO360 - DEBUG - 自動保存已禁用，跳過配置保存
2025-08-26 15:04:08,323 - VALO360 - DEBUG - 自動保存已禁用，跳過配置保存
2025-08-26 15:04:08,323 - VALO360 - DEBUG - 自動保存已禁用，跳過配置保存
2025-08-26 15:04:08,330 - VALO360 - DEBUG - 自動保存已禁用，跳過配置保存
2025-08-26 15:04:08,330 - VALO360 - DEBUG - 自動保存已禁用，跳過配置保存
2025-08-26 15:04:08,331 - VALO360 - DEBUG - 自動保存已禁用，跳過配置保存
2025-08-26 15:04:08,331 - VALO360 - DEBUG - 自動保存已禁用，跳過配置保存
2025-08-26 15:04:08,331 - VALO360 - DEBUG - 自動保存已禁用，跳過配置保存
2025-08-26 15:04:08,336 - VALO360 - DEBUG - 自動保存已禁用，跳過配置保存
2025-08-26 15:04:08,336 - VALO360 - DEBUG - 自動保存已禁用，跳過配置保存
2025-08-26 15:04:08,336 - VALO360 - DEBUG - 自動保存已禁用，跳過配置保存
2025-08-26 15:04:08,336 - VALO360 - DEBUG - 自動保存已禁用，跳過配置保存
2025-08-26 15:04:08,342 - VALO360 - DEBUG - 自動保存已禁用，跳過配置保存
2025-08-26 15:04:08,342 - VALO360 - DEBUG - 自動保存已禁用，跳過配置保存
2025-08-26 15:04:08,343 - VALO360 - DEBUG - 自動保存已禁用，跳過配置保存
2025-08-26 15:04:08,343 - VALO360 - DEBUG - 自動保存已禁用，跳過配置保存
2025-08-26 15:04:08,354 - VALO360 - DEBUG - 自動保存已禁用，跳過配置保存
2025-08-26 15:04:08,354 - VALO360 - DEBUG - 自動保存已禁用，跳過配置保存
2025-08-26 15:04:08,354 - VALO360 - DEBUG - 自動保存已禁用，跳過配置保存
2025-08-26 15:04:08,360 - VALO360 - DEBUG - 自動保存已禁用，跳過配置保存
2025-08-26 15:04:08,360 - VALO360 - DEBUG - 自動保存已禁用，跳過配置保存
2025-08-26 15:04:08,360 - VALO360 - DEBUG - 自動保存已禁用，跳過配置保存
2025-08-26 15:04:08,361 - VALO360 - DEBUG - 自動保存已禁用，跳過配置保存
2025-08-26 15:04:08,361 - VALO360 - DEBUG - 自動保存已禁用，跳過配置保存
2025-08-26 15:04:08,410 - VALO360 - DEBUG - 自動保存已禁用，跳過配置保存
2025-08-26 15:04:08,410 - VALO360 - DEBUG - 自動保存已禁用，跳過配置保存
2025-08-26 15:04:08,410 - VALO360 - DEBUG - 自動保存已禁用，跳過配置保存
2025-08-26 15:04:08,410 - VALO360 - DEBUG - 自動保存已禁用，跳過配置保存
2025-08-26 15:04:08,410 - VALO360 - DEBUG - 自動保存已禁用，跳過配置保存
2025-08-26 15:04:08,410 - VALO360 - DEBUG - 自動保存已禁用，跳過配置保存
2025-08-26 15:04:08,410 - VALO360 - DEBUG - 自動保存已禁用，跳過配置保存
2025-08-26 15:04:08,415 - VALO360 - DEBUG - 自動保存已禁用，跳過配置保存
2025-08-26 15:04:08,451 - VALO360 - DEBUG - 自動保存已禁用，跳過配置保存
2025-08-26 15:04:08,455 - VALO360 - DEBUG - 自動保存已禁用，跳過配置保存
2025-08-26 15:04:08,455 - VALO360 - DEBUG - 自動保存已禁用，跳過配置保存
2025-08-26 15:04:08,457 - VALO360 - DEBUG - 自動保存已禁用，跳過配置保存
2025-08-26 15:04:08,457 - VALO360 - DEBUG - 自動保存已禁用，跳過配置保存
2025-08-26 15:04:08,459 - VALO360 - DEBUG - 自動保存已禁用，跳過配置保存
2025-08-26 15:04:08,459 - VALO360 - DEBUG - 自動保存已禁用，跳過配置保存
2025-08-26 15:04:08,459 - VALO360 - DEBUG - 自動保存已禁用，跳過配置保存
2025-08-26 15:04:08,461 - VALO360 - DEBUG - 自動保存已禁用，跳過配置保存
2025-08-26 15:04:08,461 - VALO360 - DEBUG - 自動保存已禁用，跳過配置保存
2025-08-26 15:04:08,462 - VALO360 - DEBUG - 自動保存已禁用，跳過配置保存
2025-08-26 15:04:08,462 - VALO360 - DEBUG - 自動保存已禁用，跳過配置保存
2025-08-26 15:04:08,463 - VALO360 - DEBUG - 自動保存已禁用，跳過配置保存
2025-08-26 15:04:08,463 - VALO360 - DEBUG - 自動保存已禁用，跳過配置保存
2025-08-26 15:04:08,464 - VALO360 - DEBUG - 自動保存已禁用，跳過配置保存
2025-08-26 15:04:08,464 - VALO360 - DEBUG - 自動保存已禁用，跳過配置保存
2025-08-26 15:04:08,465 - VALO360 - DEBUG - 自動保存已禁用，跳過配置保存
2025-08-26 15:04:08,466 - VALO360 - DEBUG - 自動保存已禁用，跳過配置保存
2025-08-26 15:04:08,466 - VALO360 - DEBUG - 自動保存已禁用，跳過配置保存
2025-08-26 15:04:08,468 - VALO360 - DEBUG - 自動保存已禁用，跳過配置保存
2025-08-26 15:04:08,468 - VALO360 - DEBUG - 自動保存已禁用，跳過配置保存
2025-08-26 15:04:08,468 - VALO360 - DEBUG - 自動保存已禁用，跳過配置保存
2025-08-26 15:04:08,468 - VALO360 - DEBUG - 自動保存已禁用，跳過配置保存
2025-08-26 15:04:08,468 - VALO360 - DEBUG - 自動保存已禁用，跳過配置保存
2025-08-26 15:04:08,472 - VALO360 - DEBUG - 自動保存已禁用，跳過配置保存
2025-08-26 15:04:08,472 - VALO360 - DEBUG - 自動保存已禁用，跳過配置保存
2025-08-26 15:04:08,473 - VALO360 - DEBUG - 自動保存已禁用，跳過配置保存
2025-08-26 15:04:08,473 - VALO360 - DEBUG - 自動保存已禁用，跳過配置保存
2025-08-26 15:04:08,475 - VALO360 - DEBUG - 自動保存已禁用，跳過配置保存
2025-08-26 15:04:08,475 - VALO360 - DEBUG - 自動保存已禁用，跳過配置保存
2025-08-26 15:04:08,476 - VALO360 - DEBUG - 自動保存已禁用，跳過配置保存
2025-08-26 15:04:08,476 - VALO360 - DEBUG - 自動保存已禁用，跳過配置保存
2025-08-26 15:04:08,476 - VALO360 - DEBUG - 自動保存已禁用，跳過配置保存
2025-08-26 15:04:08,476 - VALO360 - DEBUG - 自動保存已禁用，跳過配置保存
2025-08-26 15:04:08,476 - VALO360 - DEBUG - 自動保存已禁用，跳過配置保存
2025-08-26 15:04:08,476 - VALO360 - DEBUG - 自動保存已禁用，跳過配置保存
2025-08-26 15:04:08,476 - VALO360 - DEBUG - 自動保存已禁用，跳過配置保存
2025-08-26 15:04:08,476 - VALO360 - DEBUG - 自動保存已禁用，跳過配置保存
2025-08-26 15:04:08,476 - VALO360 - DEBUG - 自動保存已禁用，跳過配置保存
2025-08-26 15:04:08,476 - VALO360 - DEBUG - 自動保存已禁用，跳過配置保存
2025-08-26 15:04:08,481 - VALO360 - DEBUG - 自動保存已禁用，跳過配置保存
2025-08-26 15:04:08,482 - VALO360 - DEBUG - 自動保存已禁用，跳過配置保存
2025-08-26 15:04:08,482 - VALO360 - DEBUG - 自動保存已禁用，跳過配置保存
2025-08-26 15:04:08,482 - VALO360 - DEBUG - 自動保存已禁用，跳過配置保存
2025-08-26 15:04:08,484 - VALO360 - DEBUG - 自動保存已禁用，跳過配置保存
2025-08-26 15:04:08,484 - VALO360 - DEBUG - 自動保存已禁用，跳過配置保存
2025-08-26 15:04:08,485 - VALO360 - DEBUG - 自動保存已禁用，跳過配置保存
2025-08-26 15:04:08,485 - VALO360 - DEBUG - 自動保存已禁用，跳過配置保存
2025-08-26 15:04:08,485 - VALO360 - DEBUG - 自動保存已禁用，跳過配置保存
2025-08-26 15:04:08,485 - VALO360 - DEBUG - 自動保存已禁用，跳過配置保存
2025-08-26 15:04:08,485 - VALO360 - DEBUG - 自動保存已禁用，跳過配置保存
2025-08-26 15:04:08,485 - VALO360 - DEBUG - 自動保存已禁用，跳過配置保存
2025-08-26 15:04:08,485 - VALO360 - DEBUG - 自動保存已禁用，跳過配置保存
2025-08-26 15:04:08,485 - VALO360 - DEBUG - 自動保存已禁用，跳過配置保存
2025-08-26 15:04:08,485 - VALO360 - DEBUG - 自動保存已禁用，跳過配置保存
2025-08-26 15:04:08,491 - VALO360 - DEBUG - 自動保存已禁用，跳過配置保存
2025-08-26 15:04:08,492 - VALO360 - DEBUG - 自動保存已禁用，跳過配置保存
2025-08-26 15:04:08,492 - VALO360 - DEBUG - 自動保存已禁用，跳過配置保存
2025-08-26 15:04:08,493 - VALO360 - DEBUG - 自動保存已禁用，跳過配置保存
2025-08-26 15:04:08,493 - VALO360 - DEBUG - 自動保存已禁用，跳過配置保存
2025-08-26 15:04:08,519 - VALO360 - DEBUG - 自動保存已禁用，跳過配置保存
2025-08-26 15:04:08,519 - VALO360 - DEBUG - 自動保存已禁用，跳過配置保存
2025-08-26 15:04:08,519 - VALO360 - DEBUG - 自動保存已禁用，跳過配置保存
2025-08-26 15:04:08,519 - VALO360 - DEBUG - 自動保存已禁用，跳過配置保存
2025-08-26 15:04:08,519 - VALO360 - DEBUG - 自動保存已禁用，跳過配置保存
2025-08-26 15:04:08,519 - VALO360 - DEBUG - 自動保存已禁用，跳過配置保存
2025-08-26 15:04:08,519 - VALO360 - DEBUG - 自動保存已禁用，跳過配置保存
2025-08-26 15:04:08,519 - VALO360 - DEBUG - 自動保存已禁用，跳過配置保存
2025-08-26 15:04:08,529 - VALO360 - DEBUG - 自動保存已禁用，跳過配置保存
2025-08-26 15:04:08,530 - VALO360 - DEBUG - 自動保存已禁用，跳過配置保存
2025-08-26 15:04:08,530 - VALO360 - DEBUG - 自動保存已禁用，跳過配置保存
2025-08-26 15:04:08,530 - VALO360 - DEBUG - 自動保存已禁用，跳過配置保存
2025-08-26 15:04:08,531 - VALO360 - DEBUG - 自動保存已禁用，跳過配置保存
2025-08-26 15:04:08,532 - VALO360 - DEBUG - 自動保存已禁用，跳過配置保存
2025-08-26 15:04:08,532 - VALO360 - DEBUG - 自動保存已禁用，跳過配置保存
2025-08-26 15:04:08,533 - VALO360 - DEBUG - 自動保存已禁用，跳過配置保存
2025-08-26 15:04:08,534 - VALO360 - DEBUG - 自動保存已禁用，跳過配置保存
2025-08-26 15:04:08,536 - VALO360 - DEBUG - 自動保存已禁用，跳過配置保存
2025-08-26 15:04:08,536 - VALO360 - DEBUG - 自動保存已禁用，跳過配置保存
2025-08-26 15:04:08,537 - VALO360 - DEBUG - 自動保存已禁用，跳過配置保存
2025-08-26 15:04:08,538 - VALO360 - DEBUG - 自動保存已禁用，跳過配置保存
2025-08-26 15:04:08,538 - VALO360 - DEBUG - 自動保存已禁用，跳過配置保存
2025-08-26 15:04:08,539 - VALO360 - DEBUG - 自動保存已禁用，跳過配置保存
2025-08-26 15:04:08,539 - VALO360 - DEBUG - 自動保存已禁用，跳過配置保存
2025-08-26 15:04:08,541 - VALO360 - DEBUG - 自動保存已禁用，跳過配置保存
2025-08-26 15:04:08,541 - VALO360 - DEBUG - 自動保存已禁用，跳過配置保存
2025-08-26 15:04:08,542 - VALO360 - DEBUG - 自動保存已禁用，跳過配置保存
2025-08-26 15:04:08,543 - VALO360 - DEBUG - 自動保存已禁用，跳過配置保存
2025-08-26 15:04:08,544 - VALO360 - DEBUG - 自動保存已禁用，跳過配置保存
2025-08-26 15:04:08,544 - VALO360 - DEBUG - 自動保存已禁用，跳過配置保存
2025-08-26 15:04:08,545 - VALO360 - DEBUG - 自動保存已禁用，跳過配置保存
2025-08-26 15:04:08,545 - VALO360 - DEBUG - 自動保存已禁用，跳過配置保存
2025-08-26 15:04:08,546 - VALO360 - DEBUG - 自動保存已禁用，跳過配置保存
2025-08-26 15:04:08,546 - VALO360 - DEBUG - 自動保存已禁用，跳過配置保存
2025-08-26 15:04:08,547 - VALO360 - DEBUG - 自動保存已禁用，跳過配置保存
2025-08-26 15:04:08,548 - VALO360 - DEBUG - 自動保存已禁用，跳過配置保存
2025-08-26 15:04:08,549 - VALO360 - DEBUG - 自動保存已禁用，跳過配置保存
2025-08-26 15:04:08,549 - VALO360 - DEBUG - 自動保存已禁用，跳過配置保存
2025-08-26 15:04:08,549 - VALO360 - DEBUG - 自動保存已禁用，跳過配置保存
2025-08-26 15:04:08,550 - VALO360 - DEBUG - 自動保存已禁用，跳過配置保存
2025-08-26 15:04:08,551 - VALO360 - DEBUG - 自動保存已禁用，跳過配置保存
2025-08-26 15:04:08,551 - VALO360 - DEBUG - 自動保存已禁用，跳過配置保存
2025-08-26 15:04:08,551 - VALO360 - DEBUG - 自動保存已禁用，跳過配置保存
2025-08-26 15:04:08,553 - VALO360 - DEBUG - 自動保存已禁用，跳過配置保存
2025-08-26 15:04:08,554 - VALO360 - DEBUG - 自動保存已禁用，跳過配置保存
2025-08-26 15:04:08,555 - VALO360 - DEBUG - 自動保存已禁用，跳過配置保存
2025-08-26 15:04:08,555 - VALO360 - DEBUG - 自動保存已禁用，跳過配置保存
2025-08-26 15:04:08,555 - VALO360 - DEBUG - 自動保存已禁用，跳過配置保存
2025-08-26 15:04:08,557 - VALO360 - DEBUG - 自動保存已禁用，跳過配置保存
2025-08-26 15:04:08,557 - VALO360 - DEBUG - 自動保存已禁用，跳過配置保存
2025-08-26 15:04:08,558 - VALO360 - DEBUG - 自動保存已禁用，跳過配置保存
2025-08-26 15:04:08,558 - VALO360 - DEBUG - 自動保存已禁用，跳過配置保存
2025-08-26 15:04:08,560 - VALO360 - DEBUG - 自動保存已禁用，跳過配置保存
2025-08-26 15:04:08,560 - VALO360 - DEBUG - 自動保存已禁用，跳過配置保存
2025-08-26 15:04:08,560 - VALO360 - DEBUG - 自動保存已禁用，跳過配置保存
2025-08-26 15:04:08,561 - VALO360 - DEBUG - 自動保存已禁用，跳過配置保存
2025-08-26 15:04:08,562 - VALO360 - DEBUG - 自動保存已禁用，跳過配置保存
2025-08-26 15:04:08,562 - VALO360 - DEBUG - 自動保存已禁用，跳過配置保存
2025-08-26 15:04:08,562 - VALO360 - DEBUG - 自動保存已禁用，跳過配置保存
2025-08-26 15:04:08,563 - VALO360 - DEBUG - 自動保存已禁用，跳過配置保存
2025-08-26 15:04:08,563 - VALO360 - DEBUG - 自動保存已禁用，跳過配置保存
2025-08-26 15:04:08,564 - VALO360 - DEBUG - 自動保存已禁用，跳過配置保存
2025-08-26 15:04:08,564 - VALO360 - DEBUG - 自動保存已禁用，跳過配置保存
2025-08-26 15:04:08,564 - VALO360 - DEBUG - 自動保存已禁用，跳過配置保存
2025-08-26 15:04:08,566 - VALO360 - DEBUG - 自動保存已禁用，跳過配置保存
2025-08-26 15:04:08,567 - VALO360 - DEBUG - 自動保存已禁用，跳過配置保存
2025-08-26 15:04:08,567 - VALO360 - DEBUG - 自動保存已禁用，跳過配置保存
2025-08-26 15:04:08,569 - VALO360 - DEBUG - 自動保存已禁用，跳過配置保存
2025-08-26 15:04:08,570 - VALO360 - DEBUG - 自動保存已禁用，跳過配置保存
2025-08-26 15:04:08,571 - VALO360 - DEBUG - 自動保存已禁用，跳過配置保存
2025-08-26 15:04:08,571 - VALO360 - DEBUG - 自動保存已禁用，跳過配置保存
2025-08-26 15:04:08,571 - VALO360 - DEBUG - 自動保存已禁用，跳過配置保存
2025-08-26 15:04:08,573 - VALO360 - DEBUG - 自動保存已禁用，跳過配置保存
2025-08-26 15:04:08,573 - VALO360 - DEBUG - 自動保存已禁用，跳過配置保存
2025-08-26 15:04:08,574 - VALO360 - DEBUG - 自動保存已禁用，跳過配置保存
2025-08-26 15:04:08,574 - VALO360 - DEBUG - 自動保存已禁用，跳過配置保存
2025-08-26 15:04:08,576 - VALO360 - DEBUG - 自動保存已禁用，跳過配置保存
2025-08-26 15:04:08,576 - VALO360 - DEBUG - 自動保存已禁用，跳過配置保存
2025-08-26 15:04:08,576 - VALO360 - DEBUG - 自動保存已禁用，跳過配置保存
2025-08-26 15:04:08,577 - VALO360 - DEBUG - 自動保存已禁用，跳過配置保存
2025-08-26 15:04:08,578 - VALO360 - DEBUG - 自動保存已禁用，跳過配置保存
2025-08-26 15:04:08,578 - VALO360 - DEBUG - 自動保存已禁用，跳過配置保存
2025-08-26 15:04:08,578 - VALO360 - DEBUG - 自動保存已禁用，跳過配置保存
2025-08-26 15:04:08,579 - VALO360 - DEBUG - 自動保存已禁用，跳過配置保存
2025-08-26 15:04:08,579 - VALO360 - DEBUG - 自動保存已禁用，跳過配置保存
2025-08-26 15:04:08,579 - VALO360 - DEBUG - 自動保存已禁用，跳過配置保存
2025-08-26 15:04:08,579 - VALO360 - DEBUG - 自動保存已禁用，跳過配置保存
2025-08-26 15:04:08,579 - VALO360 - DEBUG - 自動保存已禁用，跳過配置保存
2025-08-26 15:04:08,579 - VALO360 - DEBUG - 自動保存已禁用，跳過配置保存
2025-08-26 15:04:08,579 - VALO360 - DEBUG - 自動保存已禁用，跳過配置保存
2025-08-26 15:04:08,579 - VALO360 - DEBUG - 自動保存已禁用，跳過配置保存
2025-08-26 15:04:08,579 - VALO360 - DEBUG - 自動保存已禁用，跳過配置保存
2025-08-26 15:04:08,584 - VALO360 - DEBUG - 自動保存已禁用，跳過配置保存
2025-08-26 15:04:08,584 - VALO360 - DEBUG - 自動保存已禁用，跳過配置保存
2025-08-26 15:04:08,584 - VALO360 - DEBUG - 自動保存已禁用，跳過配置保存
2025-08-26 15:04:08,586 - VALO360 - DEBUG - 自動保存已禁用，跳過配置保存
2025-08-26 15:04:08,587 - VALO360 - DEBUG - 自動保存已禁用，跳過配置保存
2025-08-26 15:04:08,587 - VALO360 - DEBUG - 自動保存已禁用，跳過配置保存
2025-08-26 15:04:08,588 - VALO360 - DEBUG - 自動保存已禁用，跳過配置保存
2025-08-26 15:04:08,588 - VALO360 - DEBUG - 自動保存已禁用，跳過配置保存
2025-08-26 15:04:08,589 - VALO360 - DEBUG - 自動保存已禁用，跳過配置保存
2025-08-26 15:04:08,590 - VALO360 - DEBUG - 自動保存已禁用，跳過配置保存
2025-08-26 15:04:08,591 - VALO360 - DEBUG - 自動保存已禁用，跳過配置保存
2025-08-26 15:04:08,591 - VALO360 - DEBUG - 自動保存已禁用，跳過配置保存
2025-08-26 15:04:08,591 - VALO360 - DEBUG - 自動保存已禁用，跳過配置保存
2025-08-26 15:04:08,591 - VALO360 - DEBUG - 自動保存已禁用，跳過配置保存
2025-08-26 15:04:08,591 - VALO360 - DEBUG - 自動保存已禁用，跳過配置保存
2025-08-26 15:04:08,591 - VALO360 - DEBUG - 自動保存已禁用，跳過配置保存
2025-08-26 15:04:08,591 - VALO360 - DEBUG - 自動保存已禁用，跳過配置保存
2025-08-26 15:04:08,591 - VALO360 - DEBUG - 自動保存已禁用，跳過配置保存
2025-08-26 15:04:08,591 - VALO360 - DEBUG - 自動保存已禁用，跳過配置保存
2025-08-26 15:04:08,595 - VALO360 - DEBUG - 自動保存已禁用，跳過配置保存
2025-08-26 15:04:08,595 - VALO360 - DEBUG - 自動保存已禁用，跳過配置保存
2025-08-26 15:04:08,596 - VALO360 - DEBUG - 自動保存已禁用，跳過配置保存
2025-08-26 15:04:08,596 - VALO360 - DEBUG - 自動保存已禁用，跳過配置保存
2025-08-26 15:04:08,596 - VALO360 - DEBUG - 自動保存已禁用，跳過配置保存
2025-08-26 15:04:08,597 - VALO360 - DEBUG - 自動保存已禁用，跳過配置保存
2025-08-26 15:04:08,597 - VALO360 - DEBUG - 自動保存已禁用，跳過配置保存
2025-08-26 15:04:08,598 - VALO360 - DEBUG - 自動保存已禁用，跳過配置保存
2025-08-26 15:04:08,598 - VALO360 - DEBUG - 自動保存已禁用，跳過配置保存
2025-08-26 15:04:08,599 - VALO360 - DEBUG - 自動保存已禁用，跳過配置保存
2025-08-26 15:04:08,601 - VALO360 - DEBUG - 自動保存已禁用，跳過配置保存
2025-08-26 15:04:08,601 - VALO360 - DEBUG - 自動保存已禁用，跳過配置保存
2025-08-26 15:04:08,602 - VALO360 - DEBUG - 自動保存已禁用，跳過配置保存
2025-08-26 15:04:08,602 - VALO360 - DEBUG - 自動保存已禁用，跳過配置保存
2025-08-26 15:04:08,603 - VALO360 - DEBUG - 自動保存已禁用，跳過配置保存
2025-08-26 15:04:08,603 - VALO360 - DEBUG - 自動保存已禁用，跳過配置保存
2025-08-26 15:04:08,603 - VALO360 - DEBUG - 自動保存已禁用，跳過配置保存
2025-08-26 15:04:08,605 - VALO360 - DEBUG - 自動保存已禁用，跳過配置保存
2025-08-26 15:04:08,606 - VALO360 - DEBUG - 自動保存已禁用，跳過配置保存
2025-08-26 15:04:08,606 - VALO360 - DEBUG - 自動保存已禁用，跳過配置保存
2025-08-26 15:04:08,606 - VALO360 - DEBUG - 自動保存已禁用，跳過配置保存
2025-08-26 15:04:08,606 - VALO360 - DEBUG - 自動保存已禁用，跳過配置保存
2025-08-26 15:04:08,606 - VALO360 - DEBUG - 自動保存已禁用，跳過配置保存
2025-08-26 15:04:08,606 - VALO360 - DEBUG - 自動保存已禁用，跳過配置保存
2025-08-26 15:04:08,606 - VALO360 - DEBUG - 自動保存已禁用，跳過配置保存
2025-08-26 15:04:08,606 - VALO360 - DEBUG - 自動保存已禁用，跳過配置保存
2025-08-26 15:04:08,606 - VALO360 - DEBUG - 自動保存已禁用，跳過配置保存
2025-08-26 15:04:08,606 - VALO360 - DEBUG - 自動保存已禁用，跳過配置保存
2025-08-26 15:04:08,606 - VALO360 - DEBUG - 自動保存已禁用，跳過配置保存
2025-08-26 15:04:08,612 - VALO360 - DEBUG - 自動保存已禁用，跳過配置保存
2025-08-26 15:04:08,612 - VALO360 - DEBUG - 自動保存已禁用，跳過配置保存
2025-08-26 15:04:08,613 - VALO360 - DEBUG - 自動保存已禁用，跳過配置保存
2025-08-26 15:04:08,613 - VALO360 - DEBUG - 自動保存已禁用，跳過配置保存
2025-08-26 15:04:08,614 - VALO360 - DEBUG - 自動保存已禁用，跳過配置保存
2025-08-26 15:04:08,614 - VALO360 - DEBUG - 自動保存已禁用，跳過配置保存
2025-08-26 15:04:08,614 - VALO360 - DEBUG - 自動保存已禁用，跳過配置保存
2025-08-26 15:04:08,614 - VALO360 - DEBUG - 自動保存已禁用，跳過配置保存
2025-08-26 15:04:08,615 - VALO360 - DEBUG - 自動保存已禁用，跳過配置保存
2025-08-26 15:04:08,616 - VALO360 - DEBUG - 自動保存已禁用，跳過配置保存
2025-08-26 15:04:08,616 - VALO360 - DEBUG - 自動保存已禁用，跳過配置保存
2025-08-26 15:04:08,616 - VALO360 - DEBUG - 自動保存已禁用，跳過配置保存
2025-08-26 15:04:08,618 - VALO360 - DEBUG - 自動保存已禁用，跳過配置保存
2025-08-26 15:04:08,618 - VALO360 - DEBUG - 自動保存已禁用，跳過配置保存
2025-08-26 15:04:08,619 - VALO360 - DEBUG - 自動保存已禁用，跳過配置保存
2025-08-26 15:04:08,619 - VALO360 - DEBUG - 自動保存已禁用，跳過配置保存
2025-08-26 15:04:08,620 - VALO360 - DEBUG - 自動保存已禁用，跳過配置保存
2025-08-26 15:04:08,620 - VALO360 - DEBUG - 自動保存已禁用，跳過配置保存
2025-08-26 15:04:08,621 - VALO360 - DEBUG - 自動保存已禁用，跳過配置保存
2025-08-26 15:04:08,622 - VALO360 - DEBUG - 自動保存已禁用，跳過配置保存
2025-08-26 15:04:08,623 - VALO360 - DEBUG - 自動保存已禁用，跳過配置保存
2025-08-26 15:04:08,624 - VALO360 - DEBUG - 自動保存已禁用，跳過配置保存
2025-08-26 15:04:08,624 - VALO360 - DEBUG - 自動保存已禁用，跳過配置保存
2025-08-26 15:04:08,624 - VALO360 - DEBUG - 自動保存已禁用，跳過配置保存
2025-08-26 15:04:08,624 - VALO360 - DEBUG - 自動保存已禁用，跳過配置保存
2025-08-26 15:04:08,624 - VALO360 - DEBUG - 自動保存已禁用，跳過配置保存
2025-08-26 15:04:08,624 - VALO360 - DEBUG - 自動保存已禁用，跳過配置保存
2025-08-26 15:04:08,626 - VALO360 - DEBUG - 自動保存已禁用，跳過配置保存
2025-08-26 15:04:08,628 - VALO360 - DEBUG - 自動保存已禁用，跳過配置保存
2025-08-26 15:04:08,628 - VALO360 - DEBUG - 自動保存已禁用，跳過配置保存
2025-08-26 15:04:08,628 - VALO360 - DEBUG - 自動保存已禁用，跳過配置保存
2025-08-26 15:04:08,629 - VALO360 - DEBUG - 自動保存已禁用，跳過配置保存
2025-08-26 15:04:08,637 - VALO360 - DEBUG - 自動保存已禁用，跳過配置保存
2025-08-26 15:04:08,638 - VALO360 - DEBUG - 自動保存已禁用，跳過配置保存
2025-08-26 15:04:08,638 - VALO360 - DEBUG - 自動保存已禁用，跳過配置保存
2025-08-26 15:04:08,638 - VALO360 - DEBUG - 自動保存已禁用，跳過配置保存
2025-08-26 15:04:08,640 - VALO360 - DEBUG - 自動保存已禁用，跳過配置保存
2025-08-26 15:04:08,640 - VALO360 - DEBUG - 自動保存已禁用，跳過配置保存
2025-08-26 15:04:08,641 - VALO360 - DEBUG - 自動保存已禁用，跳過配置保存
2025-08-26 15:04:08,641 - VALO360 - DEBUG - 自動保存已禁用，跳過配置保存
2025-08-26 15:04:08,641 - VALO360 - DEBUG - 自動保存已禁用，跳過配置保存
2025-08-26 15:04:08,641 - VALO360 - DEBUG - 自動保存已禁用，跳過配置保存
2025-08-26 15:04:08,641 - VALO360 - DEBUG - 自動保存已禁用，跳過配置保存
2025-08-26 15:04:08,641 - VALO360 - DEBUG - 自動保存已禁用，跳過配置保存
2025-08-26 15:04:08,644 - VALO360 - DEBUG - 自動保存已禁用，跳過配置保存
2025-08-26 15:04:08,644 - VALO360 - DEBUG - 自動保存已禁用，跳過配置保存
2025-08-26 15:04:08,645 - VALO360 - DEBUG - 自動保存已禁用，跳過配置保存
2025-08-26 15:04:08,645 - VALO360 - DEBUG - 自動保存已禁用，跳過配置保存
2025-08-26 15:04:08,646 - VALO360 - DEBUG - 自動保存已禁用，跳過配置保存
2025-08-26 15:04:08,646 - VALO360 - DEBUG - 自動保存已禁用，跳過配置保存
2025-08-26 15:04:08,646 - VALO360 - DEBUG - 自動保存已禁用，跳過配置保存
2025-08-26 15:04:08,647 - VALO360 - DEBUG - 自動保存已禁用，跳過配置保存
2025-08-26 15:04:08,647 - VALO360 - DEBUG - 自動保存已禁用，跳過配置保存
2025-08-26 15:04:08,648 - VALO360 - DEBUG - 自動保存已禁用，跳過配置保存
2025-08-26 15:04:08,648 - VALO360 - DEBUG - 自動保存已禁用，跳過配置保存
2025-08-26 15:04:08,648 - VALO360 - DEBUG - 自動保存已禁用，跳過配置保存
2025-08-26 15:04:08,652 - VALO360 - DEBUG - 自動保存已禁用，跳過配置保存
2025-08-26 15:04:08,652 - VALO360 - DEBUG - 自動保存已禁用，跳過配置保存
2025-08-26 15:04:08,652 - VALO360 - DEBUG - 自動保存已禁用，跳過配置保存
2025-08-26 15:04:08,653 - VALO360 - DEBUG - 自動保存已禁用，跳過配置保存
2025-08-26 15:04:08,653 - VALO360 - DEBUG - 自動保存已禁用，跳過配置保存
2025-08-26 15:04:08,654 - VALO360 - DEBUG - 自動保存已禁用，跳過配置保存
2025-08-26 15:04:08,655 - VALO360 - DEBUG - 自動保存已禁用，跳過配置保存
2025-08-26 15:04:08,655 - VALO360 - DEBUG - 自動保存已禁用，跳過配置保存
2025-08-26 15:04:08,656 - VALO360 - DEBUG - 自動保存已禁用，跳過配置保存
2025-08-26 15:04:08,657 - VALO360 - DEBUG - 自動保存已禁用，跳過配置保存
2025-08-26 15:04:08,657 - VALO360 - DEBUG - 自動保存已禁用，跳過配置保存
2025-08-26 15:04:08,657 - VALO360 - DEBUG - 自動保存已禁用，跳過配置保存
2025-08-26 15:04:08,657 - VALO360 - DEBUG - 自動保存已禁用，跳過配置保存
2025-08-26 15:04:08,657 - VALO360 - DEBUG - 自動保存已禁用，跳過配置保存
2025-08-26 15:04:08,657 - VALO360 - DEBUG - 自動保存已禁用，跳過配置保存
2025-08-26 15:04:08,660 - VALO360 - DEBUG - 自動保存已禁用，跳過配置保存
2025-08-26 15:04:08,661 - VALO360 - DEBUG - 自動保存已禁用，跳過配置保存
2025-08-26 15:04:08,661 - VALO360 - DEBUG - 自動保存已禁用，跳過配置保存
2025-08-26 15:04:08,661 - VALO360 - DEBUG - 自動保存已禁用，跳過配置保存
2025-08-26 15:04:08,661 - VALO360 - DEBUG - 自動保存已禁用，跳過配置保存
2025-08-26 15:04:08,664 - VALO360 - DEBUG - 自動保存已禁用，跳過配置保存
2025-08-26 15:04:08,664 - VALO360 - DEBUG - 自動保存已禁用，跳過配置保存
2025-08-26 15:04:08,666 - VALO360 - DEBUG - 自動保存已禁用，跳過配置保存
2025-08-26 15:04:08,666 - VALO360 - DEBUG - 自動保存已禁用，跳過配置保存
2025-08-26 15:04:08,668 - VALO360 - DEBUG - 自動保存已禁用，跳過配置保存
2025-08-26 15:04:08,668 - VALO360 - DEBUG - 自動保存已禁用，跳過配置保存
2025-08-26 15:04:08,668 - VALO360 - DEBUG - 自動保存已禁用，跳過配置保存
2025-08-26 15:04:08,670 - VALO360 - DEBUG - 自動保存已禁用，跳過配置保存
2025-08-26 15:04:08,672 - VALO360 - DEBUG - 自動保存已禁用，跳過配置保存
2025-08-26 15:04:08,672 - VALO360 - DEBUG - 自動保存已禁用，跳過配置保存
2025-08-26 15:04:08,672 - VALO360 - DEBUG - 自動保存已禁用，跳過配置保存
2025-08-26 15:04:08,673 - VALO360 - DEBUG - 自動保存已禁用，跳過配置保存
2025-08-26 15:04:08,791 - VALO360 - DEBUG - 自動保存已禁用，跳過配置保存
2025-08-26 15:04:08,791 - VALO360 - DEBUG - 自動保存已禁用，跳過配置保存
2025-08-26 15:04:08,792 - VALO360 - DEBUG - 自動保存已禁用，跳過配置保存
2025-08-26 15:04:08,792 - VALO360 - DEBUG - 自動保存已禁用，跳過配置保存
2025-08-26 15:04:08,793 - VALO360 - DEBUG - 自動保存已禁用，跳過配置保存
2025-08-26 15:04:08,794 - VALO360 - DEBUG - 自動保存已禁用，跳過配置保存
2025-08-26 15:04:08,794 - VALO360 - DEBUG - 自動保存已禁用，跳過配置保存
2025-08-26 15:04:08,794 - VALO360 - DEBUG - 自動保存已禁用，跳過配置保存
2025-08-26 15:04:08,795 - VALO360 - DEBUG - 自動保存已禁用，跳過配置保存
2025-08-26 15:04:08,796 - VALO360 - DEBUG - 自動保存已禁用，跳過配置保存
2025-08-26 15:04:08,796 - VALO360 - DEBUG - 自動保存已禁用，跳過配置保存
2025-08-26 15:04:08,796 - VALO360 - DEBUG - 自動保存已禁用，跳過配置保存
2025-08-26 15:04:08,797 - VALO360 - DEBUG - 自動保存已禁用，跳過配置保存
2025-08-26 15:04:08,799 - VALO360 - DEBUG - 自動保存已禁用，跳過配置保存
2025-08-26 15:04:08,799 - VALO360 - DEBUG - 自動保存已禁用，跳過配置保存
2025-08-26 15:04:08,800 - VALO360 - DEBUG - 自動保存已禁用，跳過配置保存
2025-08-26 15:04:08,801 - VALO360 - DEBUG - 自動保存已禁用，跳過配置保存
2025-08-26 15:04:08,801 - VALO360 - DEBUG - 自動保存已禁用，跳過配置保存
2025-08-26 15:04:08,803 - VALO360 - DEBUG - 自動保存已禁用，跳過配置保存
2025-08-26 15:04:08,804 - VALO360 - DEBUG - 自動保存已禁用，跳過配置保存
2025-08-26 15:04:08,805 - VALO360 - DEBUG - 自動保存已禁用，跳過配置保存
2025-08-26 15:04:08,805 - VALO360 - DEBUG - 自動保存已禁用，跳過配置保存
2025-08-26 15:04:08,805 - VALO360 - DEBUG - 自動保存已禁用，跳過配置保存
2025-08-26 15:04:08,806 - VALO360 - DEBUG - 自動保存已禁用，跳過配置保存
2025-08-26 15:04:08,807 - VALO360 - DEBUG - 自動保存已禁用，跳過配置保存
2025-08-26 15:04:08,807 - VALO360 - DEBUG - 自動保存已禁用，跳過配置保存
2025-08-26 15:04:08,808 - VALO360 - DEBUG - 自動保存已禁用，跳過配置保存
2025-08-26 15:04:08,808 - VALO360 - DEBUG - 自動保存已禁用，跳過配置保存
2025-08-26 15:04:08,808 - VALO360 - DEBUG - 自動保存已禁用，跳過配置保存
2025-08-26 15:04:08,808 - VALO360 - DEBUG - 自動保存已禁用，跳過配置保存
2025-08-26 15:04:08,808 - VALO360 - DEBUG - 自動保存已禁用，跳過配置保存
2025-08-26 15:04:08,808 - VALO360 - DEBUG - 自動保存已禁用，跳過配置保存
2025-08-26 15:04:08,808 - VALO360 - DEBUG - 自動保存已禁用，跳過配置保存
2025-08-26 15:04:08,808 - VALO360 - DEBUG - 自動保存已禁用，跳過配置保存
2025-08-26 15:04:08,808 - VALO360 - DEBUG - 自動保存已禁用，跳過配置保存
2025-08-26 15:04:08,808 - VALO360 - DEBUG - 自動保存已禁用，跳過配置保存
2025-08-26 15:04:08,814 - VALO360 - DEBUG - 自動保存已禁用，跳過配置保存
2025-08-26 15:04:08,815 - VALO360 - DEBUG - 自動保存已禁用，跳過配置保存
2025-08-26 15:04:08,815 - VALO360 - DEBUG - 自動保存已禁用，跳過配置保存
2025-08-26 15:04:08,815 - VALO360 - DEBUG - 自動保存已禁用，跳過配置保存
2025-08-26 15:04:08,818 - VALO360 - DEBUG - 自動保存已禁用，跳過配置保存
2025-08-26 15:04:08,818 - VALO360 - DEBUG - 自動保存已禁用，跳過配置保存
2025-08-26 15:04:08,818 - VALO360 - DEBUG - 自動保存已禁用，跳過配置保存
2025-08-26 15:04:08,818 - VALO360 - DEBUG - 自動保存已禁用，跳過配置保存
2025-08-26 15:04:17,702 - VALO360 - DEBUG - 配置已備份至: backup\setup_backup_20250826_150417.json
2025-08-26 15:04:17,702 - VALO360 - DEBUG - 已刪除舊備份: backup\setup_backup_20250825_170912.json
2025-08-26 15:04:17,702 - VALO360 - DEBUG - 配置保存成功
2025-08-26 15:04:17,708 - VALO360 - DEBUG - 配置已備份至: backup\setup_backup_20250826_150417.json
2025-08-26 15:04:17,712 - VALO360 - DEBUG - 配置保存成功
2025-08-26 15:04:17,715 - VALO360 - DEBUG - 自動保存已禁用，跳過配置保存
2025-08-26 15:04:17,715 - VALO360 - INFO - 程式關閉時已保存所有待保存的設定
2025-08-26 15:04:17,715 - VALO360 - INFO - 程式正常關閉
2025-08-26 15:04:17,865 - VALO360 - INFO - 資源清理完成
2025-08-26 15:04:17,865 - VALO360 - INFO - 應用程式資源清理完成
